Target,Vulnerability Class,Target Type,Vulnerability ID,Severity,PackageName,Installed Version,Fixed Version,Title,Description,Resolution,Reference,Additional Reference,CVSS V3 Score,CVSS V3 Vector
go.sum,lang-pkgs,gomod,CVE-2020-26160,HIGH,github.com/dgrijalva/jwt-go,3.2.0+incompatible,,"jwt-go: access restriction bypass vulnerability","jwt-go before 4.0.0-preview1 allows attackers to bypass intended access restrictions in situations with []string{} for m[\"aud\"] (which is allowed by the specification). Because the type assertion fails; \"\" is the value of aud. This is a security problem if the JWT token is presented to a service that lacks its own audience check.","No resolution provided.",https://avd.aquasec.com/nvd/cve-2020-26160,https://nvd.nist.gov/vuln/detail/CVE-2020-26160,7.5,"CVSS:3.1/AV:N/AC:L/PR:N/UI:N/S:U/C:H/I:N/A:N"
go.sum,lang-pkgs,gomod,CVE-2019-19794,MEDIUM,github.com/miekg/dns,1.0.14,v1.1.25-0.20191211073109-8ebf2e419df7,"golang-github-miekg-dns: predictable TXID can lead to response forgeries","The miekg Go DNS package before 1.1.25; as used in CoreDNS before 1.6.6 and other products; improperly generates random numbers because math/rand is used. The TXID becomes predictable; leading to response forgeries.","Update github.com/miekg/dns to version v1.1.25-0.20191211073109-8ebf2e419df7 or higher.",https://avd.aquasec.com/nvd/cve-2019-19794,,5.9,"CVSS:3.1/AV:N/AC:H/PR:N/UI:N/S:U/C:N/I:H/A:N"
example/1010/main.tf,config,terraform,,,,,,,,,,,,
example/971/modules/azure/storage-account/module.tf,config,terraform,AZU015,MEDIUM,,,,"The minimum TLS version for Storage Accounts should be TLS1_2","The TLS version being outdated and has known vulnerabilities - Resource 'azurerm_storage_account.storage_accounts' should have the min tls version set to TLS1_2 .","Use a more recent TLS/SSL policy for the load balancer",https://tfsec.dev/docs/azure/AZU015/,,,
