[
  {
    "Name": "acl",
    "Identifier": {
      "PURL": "pkg:apk/alpine/acl@2.2.52-r3?distro=3.7.1"
    },
    "Version": "2.2.52-r3",
    "Layer": {}
  },
  {
    "Name": "apr",
    "Identifier": {
      "PURL": "pkg:apk/alpine/apr@1.6.3-r0?distro=3.7.1"
    },
    "Version": "1.6.3-r0",
    "Layer": {}
  },
  {
    "Name": "apr-util",
    "Identifier": {
      "PURL": "pkg:apk/alpine/apr-util@1.6.1-r1?distro=3.7.1"
    },
    "Version": "1.6.1-r1",
    "Layer": {}
  },
  {
    "Name": "attr",
    "Identifier": {
      "PURL": "pkg:apk/alpine/attr@2.4.47-r6?distro=3.7.1"
    },
    "Version": "2.4.47-r6",
    "Layer": {}
  },
  {
    "Name": "autoconf",
    "Identifier": {
      "PURL": "pkg:apk/alpine/autoconf@2.69-r0?distro=3.7.1"
    },
    "Version": "2.69-r0",
    "Layer": {}
  },
  {
    "Name": "bash",
    "Identifier": {
      "PURL": "pkg:apk/alpine/bash@4.4.19-r1?distro=3.7.1"
    },
    "Version": "4.4.19-r1",
    "Layer": {}
  },
  {
    "Name": "binutils",
    "Identifier": {
      "PURL": "pkg:apk/alpine/binutils@2.30-r1?distro=3.7.1"
    },
    "Version": "2.30-r1",
    "Layer": {}
  },
  {
    "Name": "binutils-libs",
    "Identifier": {
      "PURL": "pkg:apk/alpine/binutils-libs@2.30-r1?distro=3.7.1"
    },
    "Version": "2.30-r1",
    "Layer": {}
  },
  {
    "Name": "busybox",
    "Identifier": {
      "PURL": "pkg:apk/alpine/busybox@1.27.2-r11?distro=3.7.1"
    },
    "Version": "1.27.2-r11",
    "Layer": {}
  },
  {
    "Name": "bzip2",
    "Identifier": {
      "PURL": "pkg:apk/alpine/bzip2@1.0.6-r6?distro=3.7.1"
    },
    "Version": "1.0.6-r6",
    "Layer": {}
  },
  {
    "Name": "ca-certificates",
    "Identifier": {
      "PURL": "pkg:apk/alpine/ca-certificates@20171114-r0?distro=3.7.1"
    },
    "Version": "20171114-r0",
    "Layer": {}
  },
  {
    "Name": "coreutils",
    "Identifier": {
      "PURL": "pkg:apk/alpine/coreutils@8.28-r0?distro=3.7.1"
    },
    "Version": "8.28-r0",
    "Layer": {}
  },
  {
    "Name": "cyrus-sasl",
    "Identifier": {
      "PURL": "pkg:apk/alpine/cyrus-sasl@2.1.26-r11?distro=3.7.1"
    },
    "Version": "2.1.26-r11",
    "Layer": {}
  },
  {
    "Name": "db",
    "Identifier": {
      "PURL": "pkg:apk/alpine/db@5.3.28-r0?distro=3.7.1"
    },
    "Version": "5.3.28-r0",
    "Layer": {}
  },
  {
    "Name": "dpkg",
    "Identifier": {
      "PURL": "pkg:apk/alpine/dpkg@1.18.24-r0?distro=3.7.1"
    },
    "Version": "1.18.24-r0",
    "Layer": {}
  },
  {
    "Name": "dpkg-dev",
    "Identifier": {
      "PURL": "pkg:apk/alpine/dpkg-dev@1.18.24-r0?distro=3.7.1"
    },
    "Version": "1.18.24-r0",
    "Layer": {}
  },
  {
    "Name": "expat",
    "Identifier": {
      "PURL": "pkg:apk/alpine/expat@2.2.5-r0?distro=3.7.1"
    },
    "Version": "2.2.5-r0",
    "Layer": {}
  },
  {
    "Name": "file",
    "Identifier": {
      "PURL": "pkg:apk/alpine/file@5.32-r0?distro=3.7.1"
    },
    "Version": "5.32-r0",
    "Layer": {}
  },
  {
    "Name": "g++",
    "Identifier": {
      "PURL": "pkg:apk/alpine/g%2B%2B@6.4.0-r5?distro=3.7.1"
    },
    "Version": "6.4.0-r5",
    "Layer": {}
  },
  {
    "Name": "gcc",
    "Identifier": {
      "PURL": "pkg:apk/alpine/gcc@6.4.0-r5?distro=3.7.1"
    },
    "Version": "6.4.0-r5",
    "Layer": {}
  },
  {
    "Name": "gdbm",
    "Identifier": {
      "PURL": "pkg:apk/alpine/gdbm@1.13-r1?distro=3.7.1"
    },
    "Version": "1.13-r1",
    "Layer": {}
  },
  {
    "Name": "gmp",
    "Identifier": {
      "PURL": "pkg:apk/alpine/gmp@6.1.2-r1?distro=3.7.1"
    },
    "Version": "6.1.2-r1",
    "Layer": {}
  },
  {
    "Name": "gnupg",
    "Identifier": {
      "PURL": "pkg:apk/alpine/gnupg@2.2.3-r1?distro=3.7.1"
    },
    "Version": "2.2.3-r1",
    "Layer": {}
  },
  {
    "Name": "gnutls",
    "Identifier": {
      "PURL": "pkg:apk/alpine/gnutls@3.6.1-r0?distro=3.7.1"
    },
    "Version": "3.6.1-r0",
    "Layer": {}
  },
  {
    "Name": "isl",
    "Identifier": {
      "PURL": "pkg:apk/alpine/isl@0.18-r0?distro=3.7.1"
    },
    "Version": "0.18-r0",
    "Layer": {}
  },
  {
    "Name": "libacl",
    "Identifier": {
      "PURL": "pkg:apk/alpine/libacl@2.2.52-r3?distro=3.7.1"
    },
    "Version": "2.2.52-r3",
    "Layer": {}
  },
  {
    "Name": "libassuan",
    "Identifier": {
      "PURL": "pkg:apk/alpine/libassuan@2.4.4-r0?distro=3.7.1"
    },
    "Version": "2.4.4-r0",
    "Layer": {}
  },
  {
    "Name": "libatomic",
    "Identifier": {
      "PURL": "pkg:apk/alpine/libatomic@6.4.0-r5?distro=3.7.1"
    },
    "Version": "6.4.0-r5",
    "Layer": {}
  },
  {
    "Name": "libattr",
    "Identifier": {
      "PURL": "pkg:apk/alpine/libattr@2.4.47-r6?distro=3.7.1"
    },
    "Version": "2.4.47-r6",
    "Layer": {}
  },
  {
    "Name": "libbz2",
    "Identifier": {
      "PURL": "pkg:apk/alpine/libbz2@1.0.6-r6?distro=3.7.1"
    },
    "Version": "1.0.6-r6",
    "Layer": {}
  },
  {
    "Name": "libc-dev",
    "Identifier": {
      "PURL": "pkg:apk/alpine/libc-dev@0.7.1-r0?distro=3.7.1"
    },
    "Version": "0.7.1-r0",
    "Layer": {}
  },
  {
    "Name": "libcap",
    "Identifier": {
      "PURL": "pkg:apk/alpine/libcap@2.25-r1?distro=3.7.1"
    },
    "Version": "2.25-r1",
    "Layer": {}
  },
  {
    "Name": "libedit",
    "Identifier": {
      "PURL": "pkg:apk/alpine/libedit@20170329.3.1-r3?distro=3.7.1"
    },
    "Version": "20170329.3.1-r3",
    "Layer": {}
  },
  {
    "Name": "libedit-dev",
    "Identifier": {
      "PURL": "pkg:apk/alpine/libedit-dev@20170329.3.1-r3?distro=3.7.1"
    },
    "Version": "20170329.3.1-r3",
    "Layer": {}
  },
  {
    "Name": "libffi",
    "Identifier": {
      "PURL": "pkg:apk/alpine/libffi@3.2.1-r4?distro=3.7.1"
    },
    "Version": "3.2.1-r4",
    "Layer": {}
  },
  {
    "Name": "libgcc",
    "Identifier": {
      "PURL": "pkg:apk/alpine/libgcc@6.4.0-r5?distro=3.7.1"
    },
    "Version": "6.4.0-r5",
    "Layer": {}
  },
  {
    "Name": "libgcrypt",
    "Identifier": {
      "PURL": "pkg:apk/alpine/libgcrypt@1.8.3-r0?distro=3.7.1"
    },
    "Version": "1.8.3-r0",
    "Layer": {}
  },
  {
    "Name": "libgomp",
    "Identifier": {
      "PURL": "pkg:apk/alpine/libgomp@6.4.0-r5?distro=3.7.1"
    },
    "Version": "6.4.0-r5",
    "Layer": {}
  },
  {
    "Name": "libgpg-error",
    "Identifier": {
      "PURL": "pkg:apk/alpine/libgpg-error@1.27-r1?distro=3.7.1"
    },
    "Version": "1.27-r1",
    "Layer": {}
  },
  {
    "Name": "libksba",
    "Identifier": {
      "PURL": "pkg:apk/alpine/libksba@1.3.5-r0?distro=3.7.1"
    },
    "Version": "1.3.5-r0",
    "Layer": {}
  },
  {
    "Name": "libldap",
    "Identifier": {
      "PURL": "pkg:apk/alpine/libldap@2.4.45-r3?distro=3.7.1"
    },
    "Version": "2.4.45-r3",
    "Layer": {}
  },
  {
    "Name": "libmagic",
    "Identifier": {
      "PURL": "pkg:apk/alpine/libmagic@5.32-r0?distro=3.7.1"
    },
    "Version": "5.32-r0",
    "Layer": {}
  },
  {
    "Name": "libressl",
    "Identifier": {
      "PURL": "pkg:apk/alpine/libressl@2.6.5-r0?distro=3.7.1"
    },
    "Version": "2.6.5-r0",
    "Layer": {}
  },
  {
    "Name": "libressl-dev",
    "Identifier": {
      "PURL": "pkg:apk/alpine/libressl-dev@2.6.5-r0?distro=3.7.1"
    },
    "Version": "2.6.5-r0",
    "Layer": {}
  },
  {
    "Name": "libressl2.6-libcrypto",
    "Identifier": {
      "PURL": "pkg:apk/alpine/libressl2.6-libcrypto@2.6.5-r0?distro=3.7.1"
    },
    "Version": "2.6.5-r0",
    "Layer": {}
  },
  {
    "Name": "libressl2.6-libssl",
    "Identifier": {
      "PURL": "pkg:apk/alpine/libressl2.6-libssl@2.6.5-r0?distro=3.7.1"
    },
    "Version": "2.6.5-r0",
    "Layer": {}
  },
  {
    "Name": "libressl2.6-libtls",
    "Identifier": {
      "PURL": "pkg:apk/alpine/libressl2.6-libtls@2.6.5-r0?distro=3.7.1"
    },
    "Version": "2.6.5-r0",
    "Layer": {}
  },
  {
    "Name": "libsasl",
    "Identifier": {
      "PURL": "pkg:apk/alpine/libsasl@2.1.26-r11?distro=3.7.1"
    },
    "Version": "2.1.26-r11",
    "Layer": {}
  },
  {
    "Name": "libsodium",
    "Identifier": {
      "PURL": "pkg:apk/alpine/libsodium@1.0.15-r0?distro=3.7.1"
    },
    "Version": "1.0.15-r0",
    "Layer": {}
  },
  {
    "Name": "libsodium-dev",
    "Identifier": {
      "PURL": "pkg:apk/alpine/libsodium-dev@1.0.15-r0?distro=3.7.1"
    },
    "Version": "1.0.15-r0",
    "Layer": {}
  },
  {
    "Name": "libstdc++",
    "Identifier": {
      "PURL": "pkg:apk/alpine/libstdc%2B%2B@6.4.0-r5?distro=3.7.1"
    },
    "Version": "6.4.0-r5",
    "Layer": {}
  },
  {
    "Name": "libtasn1",
    "Identifier": {
      "PURL": "pkg:apk/alpine/libtasn1@4.12-r3?distro=3.7.1"
    },
    "Version": "4.12-r3",
    "Layer": {}
  },
  {
    "Name": "libunistring",
    "Identifier": {
      "PURL": "pkg:apk/alpine/libunistring@0.9.7-r0?distro=3.7.1"
    },
    "Version": "0.9.7-r0",
    "Layer": {}
  },
  {
    "Name": "m4",
    "Identifier": {
      "PURL": "pkg:apk/alpine/m4@1.4.18-r0?distro=3.7.1"
    },
    "Version": "1.4.18-r0",
    "Layer": {}
  },
  {
    "Name": "make",
    "Identifier": {
      "PURL": "pkg:apk/alpine/make@4.2.1-r0?distro=3.7.1"
    },
    "Version": "4.2.1-r0",
    "Layer": {}
  },
  {
    "Name": "mercurial",
    "Identifier": {
      "PURL": "pkg:apk/alpine/mercurial@4.5.2-r0?distro=3.7.1"
    },
    "Version": "4.5.2-r0",
    "Layer": {}
  },
  {
    "Name": "mpc1",
    "Identifier": {
      "PURL": "pkg:apk/alpine/mpc1@1.0.3-r1?distro=3.7.1"
    },
    "Version": "1.0.3-r1",
    "Layer": {}
  },
  {
    "Name": "mpfr3",
    "Identifier": {
      "PURL": "pkg:apk/alpine/mpfr3@3.1.5-r1?distro=3.7.1"
    },
    "Version": "3.1.5-r1",
    "Layer": {}
  },
  {
    "Name": "musl",
    "Identifier": {
      "PURL": "pkg:apk/alpine/musl@1.1.18-r3?distro=3.7.1"
    },
    "Version": "1.1.18-r3",
    "Layer": {}
  },
  {
    "Name": "musl-dev",
    "Identifier": {
      "PURL": "pkg:apk/alpine/musl-dev@1.1.18-r3?distro=3.7.1"
    },
    "Version": "1.1.18-r3",
    "Layer": {}
  },
  {
    "Name": "ncurses",
    "Identifier": {
      "PURL": "pkg:apk/alpine/ncurses@6.0_p20171125-r1?distro=3.7.1"
    },
    "Version": "6.0_p20171125-r1",
    "Layer": {}
  },
  {
    "Name": "ncurses-dev",
    "Identifier": {
      "PURL": "pkg:apk/alpine/ncurses-dev@6.0_p20171125-r1?distro=3.7.1"
    },
    "Version": "6.0_p20171125-r1",
    "Layer": {}
  },
  {
    "Name": "ncurses-libs",
    "Identifier": {
      "PURL": "pkg:apk/alpine/ncurses-libs@6.0_p20171125-r1?distro=3.7.1"
    },
    "Version": "6.0_p20171125-r1",
    "Layer": {}
  },
  {
    "Name": "ncurses-terminfo",
    "Identifier": {
      "PURL": "pkg:apk/alpine/ncurses-terminfo@6.0_p20171125-r1?distro=3.7.1"
    },
    "Version": "6.0_p20171125-r1",
    "Layer": {}
  },
  {
    "Name": "ncurses-terminfo-base",
    "Identifier": {
      "PURL": "pkg:apk/alpine/ncurses-terminfo-base@6.0_p20171125-r1?distro=3.7.1"
    },
    "Version": "6.0_p20171125-r1",
    "Layer": {}
  },
  {
    "Name": "nettle",
    "Identifier": {
      "PURL": "pkg:apk/alpine/nettle@3.3-r0?distro=3.7.1"
    },
    "Version": "3.3-r0",
    "Layer": {}
  },
  {
    "Name": "npth",
    "Identifier": {
      "PURL": "pkg:apk/alpine/npth@1.5-r1?distro=3.7.1"
    },
    "Version": "1.5-r1",
    "Layer": {}
  },
  {
    "Name": "openldap",
    "Identifier": {
      "PURL": "pkg:apk/alpine/openldap@2.4.45-r3?distro=3.7.1"
    },
    "Version": "2.4.45-r3",
    "Layer": {}
  },
  {
    "Name": "p11-kit",
    "Identifier": {
      "PURL": "pkg:apk/alpine/p11-kit@0.23.2-r2?distro=3.7.1"
    },
    "Version": "0.23.2-r2",
    "Layer": {}
  },
  {
    "Name": "patch",
    "Identifier": {
      "PURL": "pkg:apk/alpine/patch@2.7.5-r2?distro=3.7.1"
    },
    "Version": "2.7.5-r2",
    "Layer": {}
  },
  {
    "Name": "pcre2",
    "Identifier": {
      "PURL": "pkg:apk/alpine/pcre2@10.30-r0?distro=3.7.1"
    },
    "Version": "10.30-r0",
    "Layer": {}
  },
  {
    "Name": "pinentry",
    "Identifier": {
      "PURL": "pkg:apk/alpine/pinentry@1.0.0-r0?distro=3.7.1"
    },
    "Version": "1.0.0-r0",
    "Layer": {}
  },
  {
    "Name": "pkgconf",
    "Identifier": {
      "PURL": "pkg:apk/alpine/pkgconf@1.3.10-r0?distro=3.7.1"
    },
    "Version": "1.3.10-r0",
    "Layer": {}
  },
  {
    "Name": "python2",
    "Identifier": {
      "PURL": "pkg:apk/alpine/python2@2.7.15-r2?distro=3.7.1"
    },
    "Version": "2.7.15-r2",
    "Layer": {}
  },
  {
    "Name": "re2c",
    "Identifier": {
      "PURL": "pkg:apk/alpine/re2c@1.0.2-r0?distro=3.7.1"
    },
    "Version": "1.0.2-r0",
    "Layer": {}
  },
  {
    "Name": "readline",
    "Identifier": {
      "PURL": "pkg:apk/alpine/readline@7.0.003-r0?distro=3.7.1"
    },
    "Version": "7.0.003-r0",
    "Layer": {}
  },
  {
    "Name": "serf",
    "Identifier": {
      "PURL": "pkg:apk/alpine/serf@1.3.9-r3?distro=3.7.1"
    },
    "Version": "1.3.9-r3",
    "Layer": {}
  },
  {
    "Name": "subversion",
    "Identifier": {
      "PURL": "pkg:apk/alpine/subversion@1.9.7-r0?distro=3.7.1"
    },
    "Version": "1.9.7-r0",
    "Layer": {}
  },
  {
    "Name": "subversion-libs",
    "Identifier": {
      "PURL": "pkg:apk/alpine/subversion-libs@1.9.7-r0?distro=3.7.1"
    },
    "Version": "1.9.7-r0",
    "Layer": {}
  },
  {
    "Name": "xz",
    "Identifier": {
      "PURL": "pkg:apk/alpine/xz@5.2.3-r1?distro=3.7.1"
    },
    "Version": "5.2.3-r1",
    "Layer": {}
  },
  {
    "Name": "xz-libs",
    "Identifier": {
      "PURL": "pkg:apk/alpine/xz-libs@5.2.3-r1?distro=3.7.1"
    },
    "Version": "5.2.3-r1",
    "Layer": {}
  },
  {
    "Name": "zlib",
    "Identifier": {
      "PURL": "pkg:apk/alpine/zlib@1.2.11-r1?distro=3.7.1"
    },
    "Version": "1.2.11-r1",
    "Layer": {}
  },
  {
    "Name": "zlib-dev",
    "Identifier": {
      "PURL": "pkg:apk/alpine/zlib-dev@1.2.11-r1?distro=3.7.1"
    },
    "Version": "1.2.11-r1",
    "Layer": {}
  }
]