{
  "SchemaVersion": 2,
  "ArtifactName": "tmp-test-vm-integration-dir/target.img",
  "ArtifactType": "vm",
  "Metadata": {
    "OS": {
      "Family": "amazon",
      "Name": "2 (Karoo)"
    },
    "ImageConfig": {
      "architecture": "",
      "created": "0001-01-01T00:00:00Z",
      "os": "",
      "rootfs": {
        "type": "",
        "diff_ids": null
      },
      "config": {}
    }
  },
  "Results": [
    {
      "Target": "tmp-test-vm-integration-dir/target.img (amazon 2 (Karoo))",
      "Class": "os-pkgs",
      "Type": "amazon"
    }
  ]
}
