[
  {
    "Target": "testdata/fixtures/centos-7.tar.gz (centos 7.6.1810)",
    "Type": "centos",
    "Vulnerabilities": [
      {
        "VulnerabilityID": "CVE-2018-14618",
        "PkgName": "curl",
        "InstalledVersion": "7.29.0-51.el7",
        "FixedVersion": "7.29.0-51.el7_6.3",
        "LayerID": "sha256:d69483a6face4499acb974449d1303591fcbb5cdce5420f36f8a6607bda11854",
        "SeveritySource": "nvd",
        "Title": "curl: NTLM password overflow via integer overflow",
        "Description": "curl before version 7.61.1 is vulnerable to a buffer overrun in the NTLM authentication code. The internal function Curl_ntlm_core_mk_nt_hash multiplies the length of the password by two (SUM) to figure out how large temporary storage area to allocate from the heap. The length value is then subsequently used to iterate over the password and generate output into the allocated storage buffer. On systems with a 32 bit size_t, the math to calculate SUM triggers an integer overflow when the password length exceeds 2GB (2^31 bytes). This integer overflow usually causes a very small buffer to actually get allocated instead of the intended very huge one, making the use of that buffer end up in a heap buffer overflow. (This bug is almost identical to CVE-2017-8816.)",
        "Severity": "HIGH",
        "References": [
          "http://linux.oracle.com/cve/CVE-2018-14618.html",
          "http://linux.oracle.com/errata/ELSA-2019-1880.html",
          "http://www.securitytracker.com/id/1041605",
          "https://access.redhat.com/errata/RHSA-2018:3558",
          "https://bugzilla.redhat.com/show_bug.cgi?id=CVE-2018-14618",
          "https://cert-portal.siemens.com/productcert/pdf/ssa-436177.pdf",
          "https://curl.haxx.se/docs/CVE-2018-14618.html",
          "https://cve.mitre.org/cgi-bin/cvename.cgi?name=CVE-2018-14618",
          "https://psirt.global.sonicwall.com/vuln-detail/SNWLID-2018-0014",
          "https://security.gentoo.org/glsa/201903-03",
          "https://usn.ubuntu.com/3765-1/",
          "https://usn.ubuntu.com/3765-2/",
          "https://www.debian.org/security/2018/dsa-4286"
        ]
      },
      {
        "VulnerabilityID": "CVE-2018-16402",
        "PkgName": "elfutils-default-yama-scope",
        "InstalledVersion": "0.172-2.el7",
        "FixedVersion": "0.176-2.el7",
        "LayerID": "sha256:d69483a6face4499acb974449d1303591fcbb5cdce5420f36f8a6607bda11854",
        "SeveritySource": "nvd",
        "Title": "elfutils: Double-free due to double decompression of sections in crafted ELF causes crash",
        "Description": "libelf/elf_end.c in elfutils 0.173 allows remote attackers to cause a denial of service (double free and application crash) or possibly have unspecified other impact because it tries to decompress twice.",
        "Severity": "HIGH",
        "References": [
          "http://linux.oracle.com/cve/CVE-2018-16402.html",
          "http://linux.oracle.com/errata/ELSA-2019-2197.html",
          "https://cve.mitre.org/cgi-bin/cvename.cgi?name=CVE-2018-16402",
          "https://sourceware.org/bugzilla/show_bug.cgi?id=23528",
          "https://usn.ubuntu.com/4012-1/"
        ]
      },
      {
        "VulnerabilityID": "CVE-2018-16402",
        "PkgName": "elfutils-libelf",
        "InstalledVersion": "0.172-2.el7",
        "FixedVersion": "0.176-2.el7",
        "LayerID": "sha256:d69483a6face4499acb974449d1303591fcbb5cdce5420f36f8a6607bda11854",
        "SeveritySource": "nvd",
        "Title": "elfutils: Double-free due to double decompression of sections in crafted ELF causes crash",
        "Description": "libelf/elf_end.c in elfutils 0.173 allows remote attackers to cause a denial of service (double free and application crash) or possibly have unspecified other impact because it tries to decompress twice.",
        "Severity": "HIGH",
        "References": [
          "http://linux.oracle.com/cve/CVE-2018-16402.html",
          "http://linux.oracle.com/errata/ELSA-2019-2197.html",
          "https://cve.mitre.org/cgi-bin/cvename.cgi?name=CVE-2018-16402",
          "https://sourceware.org/bugzilla/show_bug.cgi?id=23528",
          "https://usn.ubuntu.com/4012-1/"
        ]
      },
      {
        "VulnerabilityID": "CVE-2018-16402",
        "PkgName": "elfutils-libs",
        "InstalledVersion": "0.172-2.el7",
        "FixedVersion": "0.176-2.el7",
        "LayerID": "sha256:d69483a6face4499acb974449d1303591fcbb5cdce5420f36f8a6607bda11854",
        "SeveritySource": "nvd",
        "Title": "elfutils: Double-free due to double decompression of sections in crafted ELF causes crash",
        "Description": "libelf/elf_end.c in elfutils 0.173 allows remote attackers to cause a denial of service (double free and application crash) or possibly have unspecified other impact because it tries to decompress twice.",
        "Severity": "HIGH",
        "References": [
          "http://linux.oracle.com/cve/CVE-2018-16402.html",
          "http://linux.oracle.com/errata/ELSA-2019-2197.html",
          "https://cve.mitre.org/cgi-bin/cvename.cgi?name=CVE-2018-16402",
          "https://sourceware.org/bugzilla/show_bug.cgi?id=23528",
          "https://usn.ubuntu.com/4012-1/"
        ]
      },
      {
        "VulnerabilityID": "CVE-2018-14618",
        "PkgName": "libcurl",
        "InstalledVersion": "7.29.0-51.el7",
        "FixedVersion": "7.29.0-51.el7_6.3",
        "LayerID": "sha256:d69483a6face4499acb974449d1303591fcbb5cdce5420f36f8a6607bda11854",
        "SeveritySource": "nvd",
        "Title": "curl: NTLM password overflow via integer overflow",
        "Description": "curl before version 7.61.1 is vulnerable to a buffer overrun in the NTLM authentication code. The internal function Curl_ntlm_core_mk_nt_hash multiplies the length of the password by two (SUM) to figure out how large temporary storage area to allocate from the heap. The length value is then subsequently used to iterate over the password and generate output into the allocated storage buffer. On systems with a 32 bit size_t, the math to calculate SUM triggers an integer overflow when the password length exceeds 2GB (2^31 bytes). This integer overflow usually causes a very small buffer to actually get allocated instead of the intended very huge one, making the use of that buffer end up in a heap buffer overflow. (This bug is almost identical to CVE-2017-8816.)",
        "Severity": "HIGH",
        "References": [
          "http://linux.oracle.com/cve/CVE-2018-14618.html",
          "http://linux.oracle.com/errata/ELSA-2019-1880.html",
          "http://www.securitytracker.com/id/1041605",
          "https://access.redhat.com/errata/RHSA-2018:3558",
          "https://bugzilla.redhat.com/show_bug.cgi?id=CVE-2018-14618",
          "https://cert-portal.siemens.com/productcert/pdf/ssa-436177.pdf",
          "https://curl.haxx.se/docs/CVE-2018-14618.html",
          "https://cve.mitre.org/cgi-bin/cvename.cgi?name=CVE-2018-14618",
          "https://psirt.global.sonicwall.com/vuln-detail/SNWLID-2018-0014",
          "https://security.gentoo.org/glsa/201903-03",
          "https://usn.ubuntu.com/3765-1/",
          "https://usn.ubuntu.com/3765-2/",
          "https://www.debian.org/security/2018/dsa-4286"
        ]
      },
      {
        "VulnerabilityID": "CVE-2019-3855",
        "PkgName": "libssh2",
        "InstalledVersion": "1.4.3-12.el7",
        "FixedVersion": "1.4.3-12.el7_6.2",
        "LayerID": "sha256:d69483a6face4499acb974449d1303591fcbb5cdce5420f36f8a6607bda11854",
        "SeveritySource": "nvd",
        "Title": "libssh2: Integer overflow in transport read resulting in out of bounds write",
        "Description": "An integer overflow flaw which could lead to an out of bounds write was discovered in libssh2 before 1.8.1 in the way packets are read from the server. A remote attacker who compromises a SSH server may be able to execute code on the client system when a user connects to the server.",
        "Severity": "HIGH",
        "References": [
          "http://linux.oracle.com/cve/CVE-2019-3855.html",
          "http://linux.oracle.com/errata/ELSA-2019-1652.html",
          "http://lists.opensuse.org/opensuse-security-announce/2019-03/msg00040.html",
          "http://lists.opensuse.org/opensuse-security-announce/2019-04/msg00003.html",
          "http://packetstormsecurity.com/files/152136/Slackware-Security-Advisory-libssh2-Updates.html",
          "http://www.openwall.com/lists/oss-security/2019/03/18/3",
          "http://www.securityfocus.com/bid/107485",
          "https://access.redhat.com/errata/RHSA-2019:0679",
          "https://access.redhat.com/errata/RHSA-2019:1175",
          "https://bugzilla.redhat.com/show_bug.cgi?id=CVE-2019-3855",
          "https://cve.mitre.org/cgi-bin/cvename.cgi?name=CVE-2019-3855",
          "https://lists.debian.org/debian-lts-announce/2019/03/msg00032.html",
          "https://lists.fedoraproject.org/archives/list/package-announce@lists.fedoraproject.org/message/5DK6VO2CEUTAJFYIKWNZKEKYMYR3NO2O/",
          "https://lists.fedoraproject.org/archives/list/package-announce@lists.fedoraproject.org/message/XCWEA5ZCLKRDUK62QVVYMFWLWKOPX3LO/",
          "https://seclists.org/bugtraq/2019/Apr/25",
          "https://seclists.org/bugtraq/2019/Mar/25",
          "https://security.netapp.com/advisory/ntap-20190327-0005/",
          "https://www.broadcom.com/support/fibre-channel-networking/security-advisories/brocade-security-advisory-2019-767",
          "https://www.debian.org/security/2019/dsa-4431",
          "https://www.libssh2.org/CVE-2019-3855.html"
        ]
      },
      {
        "VulnerabilityID": "CVE-2018-0495",
        "PkgName": "nspr",
        "InstalledVersion": "4.19.0-1.el7_5",
        "FixedVersion": "4.21.0-1.el7",
        "LayerID": "sha256:d69483a6face4499acb974449d1303591fcbb5cdce5420f36f8a6607bda11854",
        "SeveritySource": "nvd",
        "Title": "ROHNP: Key Extraction Side Channel in Multiple Crypto Libraries",
        "Description": "Libgcrypt before 1.7.10 and 1.8.x before 1.8.3 allows a memory-cache side-channel attack on ECDSA signatures that can be mitigated through the use of blinding during the signing process in the _gcry_ecc_ecdsa_sign function in cipher/ecc-ecdsa.c, aka the Return Of the Hidden Number Problem or ROHNP. To discover an ECDSA key, the attacker needs access to either the local machine or a different virtual machine on the same physical host.",
        "Severity": "LOW",
        "References": [
          "http://linux.oracle.com/cve/CVE-2018-0495.html",
          "http://linux.oracle.com/errata/ELSA-2019-2237.html",
          "http://www.securitytracker.com/id/1041144",
          "http://www.securitytracker.com/id/1041147",
          "https://access.redhat.com/errata/RHSA-2018:3221",
          "https://access.redhat.com/errata/RHSA-2018:3505",
          "https://access.redhat.com/errata/RHSA-2019:1296",
          "https://access.redhat.com/errata/RHSA-2019:1297",
          "https://cve.mitre.org/cgi-bin/cvename.cgi?name=CVE-2018-0495",
          "https://dev.gnupg.org/T4011",
          "https://git.gnupg.org/cgi-bin/gitweb.cgi?p=libgcrypt.git;a=commit;h=9010d1576e278a4274ad3f4aa15776c28f6ba965",
          "https://lists.debian.org/debian-lts-announce/2018/06/msg00013.html",
          "https://lists.gnupg.org/pipermail/gnupg-announce/2018q2/000426.html",
          "https://usn.ubuntu.com/3689-1/",
          "https://usn.ubuntu.com/3689-2/",
          "https://usn.ubuntu.com/3692-1/",
          "https://usn.ubuntu.com/3692-2/",
          "https://usn.ubuntu.com/3850-1/",
          "https://usn.ubuntu.com/3850-2/",
          "https://www.debian.org/security/2018/dsa-4231",
          "https://www.nccgroup.trust/us/our-research/technical-advisory-return-of-the-hidden-number-problem/",
          "https://www.oracle.com/technetwork/security-advisory/cpuapr2019-5072813.html"
        ]
      },
      {
        "VulnerabilityID": "CVE-2018-0495",
        "PkgName": "nss",
        "InstalledVersion": "3.36.0-7.1.el7_6",
        "FixedVersion": "3.44.0-4.el7",
        "LayerID": "sha256:d69483a6face4499acb974449d1303591fcbb5cdce5420f36f8a6607bda11854",
        "SeveritySource": "nvd",
        "Title": "ROHNP: Key Extraction Side Channel in Multiple Crypto Libraries",
        "Description": "Libgcrypt before 1.7.10 and 1.8.x before 1.8.3 allows a memory-cache side-channel attack on ECDSA signatures that can be mitigated through the use of blinding during the signing process in the _gcry_ecc_ecdsa_sign function in cipher/ecc-ecdsa.c, aka the Return Of the Hidden Number Problem or ROHNP. To discover an ECDSA key, the attacker needs access to either the local machine or a different virtual machine on the same physical host.",
        "Severity": "LOW",
        "References": [
          "http://linux.oracle.com/cve/CVE-2018-0495.html",
          "http://linux.oracle.com/errata/ELSA-2019-2237.html",
          "http://www.securitytracker.com/id/1041144",
          "http://www.securitytracker.com/id/1041147",
          "https://access.redhat.com/errata/RHSA-2018:3221",
          "https://access.redhat.com/errata/RHSA-2018:3505",
          "https://access.redhat.com/errata/RHSA-2019:1296",
          "https://access.redhat.com/errata/RHSA-2019:1297",
          "https://cve.mitre.org/cgi-bin/cvename.cgi?name=CVE-2018-0495",
          "https://dev.gnupg.org/T4011",
          "https://git.gnupg.org/cgi-bin/gitweb.cgi?p=libgcrypt.git;a=commit;h=9010d1576e278a4274ad3f4aa15776c28f6ba965",
          "https://lists.debian.org/debian-lts-announce/2018/06/msg00013.html",
          "https://lists.gnupg.org/pipermail/gnupg-announce/2018q2/000426.html",
          "https://usn.ubuntu.com/3689-1/",
          "https://usn.ubuntu.com/3689-2/",
          "https://usn.ubuntu.com/3692-1/",
          "https://usn.ubuntu.com/3692-2/",
          "https://usn.ubuntu.com/3850-1/",
          "https://usn.ubuntu.com/3850-2/",
          "https://www.debian.org/security/2018/dsa-4231",
          "https://www.nccgroup.trust/us/our-research/technical-advisory-return-of-the-hidden-number-problem/",
          "https://www.oracle.com/technetwork/security-advisory/cpuapr2019-5072813.html"
        ]
      },
      {
        "VulnerabilityID": "CVE-2018-0495",
        "PkgName": "nss-softokn",
        "InstalledVersion": "3.36.0-5.el7_5",
        "FixedVersion": "3.44.0-5.el7",
        "LayerID": "sha256:d69483a6face4499acb974449d1303591fcbb5cdce5420f36f8a6607bda11854",
        "SeveritySource": "nvd",
        "Title": "ROHNP: Key Extraction Side Channel in Multiple Crypto Libraries",
        "Description": "Libgcrypt before 1.7.10 and 1.8.x before 1.8.3 allows a memory-cache side-channel attack on ECDSA signatures that can be mitigated through the use of blinding during the signing process in the _gcry_ecc_ecdsa_sign function in cipher/ecc-ecdsa.c, aka the Return Of the Hidden Number Problem or ROHNP. To discover an ECDSA key, the attacker needs access to either the local machine or a different virtual machine on the same physical host.",
        "Severity": "LOW",
        "References": [
          "http://linux.oracle.com/cve/CVE-2018-0495.html",
          "http://linux.oracle.com/errata/ELSA-2019-2237.html",
          "http://www.securitytracker.com/id/1041144",
          "http://www.securitytracker.com/id/1041147",
          "https://access.redhat.com/errata/RHSA-2018:3221",
          "https://access.redhat.com/errata/RHSA-2018:3505",
          "https://access.redhat.com/errata/RHSA-2019:1296",
          "https://access.redhat.com/errata/RHSA-2019:1297",
          "https://cve.mitre.org/cgi-bin/cvename.cgi?name=CVE-2018-0495",
          "https://dev.gnupg.org/T4011",
          "https://git.gnupg.org/cgi-bin/gitweb.cgi?p=libgcrypt.git;a=commit;h=9010d1576e278a4274ad3f4aa15776c28f6ba965",
          "https://lists.debian.org/debian-lts-announce/2018/06/msg00013.html",
          "https://lists.gnupg.org/pipermail/gnupg-announce/2018q2/000426.html",
          "https://usn.ubuntu.com/3689-1/",
          "https://usn.ubuntu.com/3689-2/",
          "https://usn.ubuntu.com/3692-1/",
          "https://usn.ubuntu.com/3692-2/",
          "https://usn.ubuntu.com/3850-1/",
          "https://usn.ubuntu.com/3850-2/",
          "https://www.debian.org/security/2018/dsa-4231",
          "https://www.nccgroup.trust/us/our-research/technical-advisory-return-of-the-hidden-number-problem/",
          "https://www.oracle.com/technetwork/security-advisory/cpuapr2019-5072813.html"
        ]
      },
      {
        "VulnerabilityID": "CVE-2018-0495",
        "PkgName": "nss-softokn-freebl",
        "InstalledVersion": "3.36.0-5.el7_5",
        "FixedVersion": "3.44.0-5.el7",
        "LayerID": "sha256:d69483a6face4499acb974449d1303591fcbb5cdce5420f36f8a6607bda11854",
        "SeveritySource": "nvd",
        "Title": "ROHNP: Key Extraction Side Channel in Multiple Crypto Libraries",
        "Description": "Libgcrypt before 1.7.10 and 1.8.x before 1.8.3 allows a memory-cache side-channel attack on ECDSA signatures that can be mitigated through the use of blinding during the signing process in the _gcry_ecc_ecdsa_sign function in cipher/ecc-ecdsa.c, aka the Return Of the Hidden Number Problem or ROHNP. To discover an ECDSA key, the attacker needs access to either the local machine or a different virtual machine on the same physical host.",
        "Severity": "LOW",
        "References": [
          "http://linux.oracle.com/cve/CVE-2018-0495.html",
          "http://linux.oracle.com/errata/ELSA-2019-2237.html",
          "http://www.securitytracker.com/id/1041144",
          "http://www.securitytracker.com/id/1041147",
          "https://access.redhat.com/errata/RHSA-2018:3221",
          "https://access.redhat.com/errata/RHSA-2018:3505",
          "https://access.redhat.com/errata/RHSA-2019:1296",
          "https://access.redhat.com/errata/RHSA-2019:1297",
          "https://cve.mitre.org/cgi-bin/cvename.cgi?name=CVE-2018-0495",
          "https://dev.gnupg.org/T4011",
          "https://git.gnupg.org/cgi-bin/gitweb.cgi?p=libgcrypt.git;a=commit;h=9010d1576e278a4274ad3f4aa15776c28f6ba965",
          "https://lists.debian.org/debian-lts-announce/2018/06/msg00013.html",
          "https://lists.gnupg.org/pipermail/gnupg-announce/2018q2/000426.html",
          "https://usn.ubuntu.com/3689-1/",
          "https://usn.ubuntu.com/3689-2/",
          "https://usn.ubuntu.com/3692-1/",
          "https://usn.ubuntu.com/3692-2/",
          "https://usn.ubuntu.com/3850-1/",
          "https://usn.ubuntu.com/3850-2/",
          "https://www.debian.org/security/2018/dsa-4231",
          "https://www.nccgroup.trust/us/our-research/technical-advisory-return-of-the-hidden-number-problem/",
          "https://www.oracle.com/technetwork/security-advisory/cpuapr2019-5072813.html"
        ]
      },
      {
        "VulnerabilityID": "CVE-2018-0495",
        "PkgName": "nss-sysinit",
        "InstalledVersion": "3.36.0-7.1.el7_6",
        "FixedVersion": "3.44.0-4.el7",
        "LayerID": "sha256:d69483a6face4499acb974449d1303591fcbb5cdce5420f36f8a6607bda11854",
        "SeveritySource": "nvd",
        "Title": "ROHNP: Key Extraction Side Channel in Multiple Crypto Libraries",
        "Description": "Libgcrypt before 1.7.10 and 1.8.x before 1.8.3 allows a memory-cache side-channel attack on ECDSA signatures that can be mitigated through the use of blinding during the signing process in the _gcry_ecc_ecdsa_sign function in cipher/ecc-ecdsa.c, aka the Return Of the Hidden Number Problem or ROHNP. To discover an ECDSA key, the attacker needs access to either the local machine or a different virtual machine on the same physical host.",
        "Severity": "LOW",
        "References": [
          "http://linux.oracle.com/cve/CVE-2018-0495.html",
          "http://linux.oracle.com/errata/ELSA-2019-2237.html",
          "http://www.securitytracker.com/id/1041144",
          "http://www.securitytracker.com/id/1041147",
          "https://access.redhat.com/errata/RHSA-2018:3221",
          "https://access.redhat.com/errata/RHSA-2018:3505",
          "https://access.redhat.com/errata/RHSA-2019:1296",
          "https://access.redhat.com/errata/RHSA-2019:1297",
          "https://cve.mitre.org/cgi-bin/cvename.cgi?name=CVE-2018-0495",
          "https://dev.gnupg.org/T4011",
          "https://git.gnupg.org/cgi-bin/gitweb.cgi?p=libgcrypt.git;a=commit;h=9010d1576e278a4274ad3f4aa15776c28f6ba965",
          "https://lists.debian.org/debian-lts-announce/2018/06/msg00013.html",
          "https://lists.gnupg.org/pipermail/gnupg-announce/2018q2/000426.html",
          "https://usn.ubuntu.com/3689-1/",
          "https://usn.ubuntu.com/3689-2/",
          "https://usn.ubuntu.com/3692-1/",
          "https://usn.ubuntu.com/3692-2/",
          "https://usn.ubuntu.com/3850-1/",
          "https://usn.ubuntu.com/3850-2/",
          "https://www.debian.org/security/2018/dsa-4231",
          "https://www.nccgroup.trust/us/our-research/technical-advisory-return-of-the-hidden-number-problem/",
          "https://www.oracle.com/technetwork/security-advisory/cpuapr2019-5072813.html"
        ]
      },
      {
        "VulnerabilityID": "CVE-2018-0495",
        "PkgName": "nss-tools",
        "InstalledVersion": "3.36.0-7.1.el7_6",
        "FixedVersion": "3.44.0-4.el7",
        "LayerID": "sha256:d69483a6face4499acb974449d1303591fcbb5cdce5420f36f8a6607bda11854",
        "SeveritySource": "nvd",
        "Title": "ROHNP: Key Extraction Side Channel in Multiple Crypto Libraries",
        "Description": "Libgcrypt before 1.7.10 and 1.8.x before 1.8.3 allows a memory-cache side-channel attack on ECDSA signatures that can be mitigated through the use of blinding during the signing process in the _gcry_ecc_ecdsa_sign function in cipher/ecc-ecdsa.c, aka the Return Of the Hidden Number Problem or ROHNP. To discover an ECDSA key, the attacker needs access to either the local machine or a different virtual machine on the same physical host.",
        "Severity": "LOW",
        "References": [
          "http://linux.oracle.com/cve/CVE-2018-0495.html",
          "http://linux.oracle.com/errata/ELSA-2019-2237.html",
          "http://www.securitytracker.com/id/1041144",
          "http://www.securitytracker.com/id/1041147",
          "https://access.redhat.com/errata/RHSA-2018:3221",
          "https://access.redhat.com/errata/RHSA-2018:3505",
          "https://access.redhat.com/errata/RHSA-2019:1296",
          "https://access.redhat.com/errata/RHSA-2019:1297",
          "https://cve.mitre.org/cgi-bin/cvename.cgi?name=CVE-2018-0495",
          "https://dev.gnupg.org/T4011",
          "https://git.gnupg.org/cgi-bin/gitweb.cgi?p=libgcrypt.git;a=commit;h=9010d1576e278a4274ad3f4aa15776c28f6ba965",
          "https://lists.debian.org/debian-lts-announce/2018/06/msg00013.html",
          "https://lists.gnupg.org/pipermail/gnupg-announce/2018q2/000426.html",
          "https://usn.ubuntu.com/3689-1/",
          "https://usn.ubuntu.com/3689-2/",
          "https://usn.ubuntu.com/3692-1/",
          "https://usn.ubuntu.com/3692-2/",
          "https://usn.ubuntu.com/3850-1/",
          "https://usn.ubuntu.com/3850-2/",
          "https://www.debian.org/security/2018/dsa-4231",
          "https://www.nccgroup.trust/us/our-research/technical-advisory-return-of-the-hidden-number-problem/",
          "https://www.oracle.com/technetwork/security-advisory/cpuapr2019-5072813.html"
        ]
      },
      {
        "VulnerabilityID": "CVE-2018-0495",
        "PkgName": "nss-util",
        "InstalledVersion": "3.36.0-1.1.el7_6",
        "FixedVersion": "3.44.0-3.el7",
        "LayerID": "sha256:d69483a6face4499acb974449d1303591fcbb5cdce5420f36f8a6607bda11854",
        "SeveritySource": "nvd",
        "Title": "ROHNP: Key Extraction Side Channel in Multiple Crypto Libraries",
        "Description": "Libgcrypt before 1.7.10 and 1.8.x before 1.8.3 allows a memory-cache side-channel attack on ECDSA signatures that can be mitigated through the use of blinding during the signing process in the _gcry_ecc_ecdsa_sign function in cipher/ecc-ecdsa.c, aka the Return Of the Hidden Number Problem or ROHNP. To discover an ECDSA key, the attacker needs access to either the local machine or a different virtual machine on the same physical host.",
        "Severity": "LOW",
        "References": [
          "http://linux.oracle.com/cve/CVE-2018-0495.html",
          "http://linux.oracle.com/errata/ELSA-2019-2237.html",
          "http://www.securitytracker.com/id/1041144",
          "http://www.securitytracker.com/id/1041147",
          "https://access.redhat.com/errata/RHSA-2018:3221",
          "https://access.redhat.com/errata/RHSA-2018:3505",
          "https://access.redhat.com/errata/RHSA-2019:1296",
          "https://access.redhat.com/errata/RHSA-2019:1297",
          "https://cve.mitre.org/cgi-bin/cvename.cgi?name=CVE-2018-0495",
          "https://dev.gnupg.org/T4011",
          "https://git.gnupg.org/cgi-bin/gitweb.cgi?p=libgcrypt.git;a=commit;h=9010d1576e278a4274ad3f4aa15776c28f6ba965",
          "https://lists.debian.org/debian-lts-announce/2018/06/msg00013.html",
          "https://lists.gnupg.org/pipermail/gnupg-announce/2018q2/000426.html",
          "https://usn.ubuntu.com/3689-1/",
          "https://usn.ubuntu.com/3689-2/",
          "https://usn.ubuntu.com/3692-1/",
          "https://usn.ubuntu.com/3692-2/",
          "https://usn.ubuntu.com/3850-1/",
          "https://usn.ubuntu.com/3850-2/",
          "https://www.debian.org/security/2018/dsa-4231",
          "https://www.nccgroup.trust/us/our-research/technical-advisory-return-of-the-hidden-number-problem/",
          "https://www.oracle.com/technetwork/security-advisory/cpuapr2019-5072813.html"
        ]
      },
      {
        "VulnerabilityID": "CVE-2018-5407",
        "PkgName": "openssl-libs",
        "InstalledVersion": "1:1.0.2k-16.el7",
        "FixedVersion": "1:1.0.2k-16.el7_6.1",
        "LayerID": "sha256:d69483a6face4499acb974449d1303591fcbb5cdce5420f36f8a6607bda11854",
        "SeveritySource": "nvd",
        "Title": "openssl: Side-channel vulnerability on SMT/Hyper-Threading architectures (PortSmash)",
        "Description": "Simultaneous Multi-threading (SMT) in processors can enable local users to exploit software vulnerable to timing attacks via a side-channel timing attack on 'port contention'.",
        "Severity": "LOW",
        "References": [
          "http://linux.oracle.com/cve/CVE-2018-5407.html",
          "http://linux.oracle.com/errata/ELSA-2019-2125.html",
          "http://www.securityfocus.com/bid/105897",
          "https://access.redhat.com/errata/RHSA-2019:0483",
          "https://access.redhat.com/errata/RHSA-2019:0651",
          "https://access.redhat.com/errata/RHSA-2019:0652",
          "https://cve.mitre.org/cgi-bin/cvename.cgi?name=CVE-2018-5407",
          "https://eprint.iacr.org/2018/1060.pdf",
          "https://github.com/bbbrumley/portsmash",
          "https://lists.debian.org/debian-lts-announce/2018/11/msg00024.html",
          "https://nodejs.org/en/blog/vulnerability/november-2018-security-releases/",
          "https://security.gentoo.org/glsa/201903-10",
          "https://security.netapp.com/advisory/ntap-20181126-0001/",
          "https://usn.ubuntu.com/3840-1/",
          "https://www.debian.org/security/2018/dsa-4348",
          "https://www.debian.org/security/2018/dsa-4355",
          "https://www.exploit-db.com/exploits/45785/",
          "https://www.openssl.org/news/secadv/20181112.txt",
          "https://www.oracle.com/technetwork/security-advisory/cpuapr2019-5072813.html",
          "https://www.oracle.com/technetwork/security-advisory/cpujan2019-5072801.html",
          "https://www.oracle.com/technetwork/security-advisory/cpujul2019-5072835.html",
          "https://www.tenable.com/security/tns-2018-16",
          "https://www.tenable.com/security/tns-2018-17"
        ]
      },
      {
        "VulnerabilityID": "CVE-2018-15686",
        "PkgName": "systemd",
        "InstalledVersion": "219-62.el7_6.5",
        "FixedVersion": "219-67.el7",
        "LayerID": "sha256:d69483a6face4499acb974449d1303591fcbb5cdce5420f36f8a6607bda11854",
        "SeveritySource": "nvd",
        "Title": "systemd: line splitting via fgets() allows for state injection during daemon-reexec",
        "Description": "A vulnerability in unit_deserialize of systemd allows an attacker to supply arbitrary state across systemd re-execution via NotifyAccess. This can be used to improperly influence systemd execution and possibly lead to root privilege escalation. Affected releases are systemd versions up to and including 239.",
        "Severity": "HIGH",
        "References": [
          "http://linux.oracle.com/cve/CVE-2018-15686.html",
          "http://linux.oracle.com/errata/ELSA-2019-2091.html",
          "http://www.securityfocus.com/bid/105747",
          "https://access.redhat.com/errata/RHSA-2019:2091",
          "https://cve.mitre.org/cgi-bin/cvename.cgi?name=CVE-2018-15686",
          "https://github.com/systemd/systemd/pull/10519",
          "https://lists.debian.org/debian-lts-announce/2018/11/msg00017.html",
          "https://security.gentoo.org/glsa/201810-10",
          "https://usn.ubuntu.com/3816-1/",
          "https://www.exploit-db.com/exploits/45714/"
        ]
      },
      {
        "VulnerabilityID": "CVE-2018-16866",
        "PkgName": "systemd",
        "InstalledVersion": "219-62.el7_6.5",
        "FixedVersion": "219-67.el7",
        "LayerID": "sha256:d69483a6face4499acb974449d1303591fcbb5cdce5420f36f8a6607bda11854",
        "SeveritySource": "nvd",
        "Title": "systemd: out-of-bounds read when parsing a crafted syslog message",
        "Description": "An out of bounds read was discovered in systemd-journald in the way it parses log messages that terminate with a colon ':'. A local attacker can use this flaw to disclose process memory data. Versions from v221 to v239 are vulnerable.",
        "Severity": "LOW",
        "References": [
          "http://linux.oracle.com/cve/CVE-2018-16866.html",
          "http://linux.oracle.com/errata/ELSA-2019-2091.html",
          "http://packetstormsecurity.com/files/152841/System-Down-A-systemd-journald-Exploit.html",
          "http://seclists.org/fulldisclosure/2019/May/21",
          "http://www.openwall.com/lists/oss-security/2019/05/10/4",
          "http://www.securityfocus.com/bid/106527",
          "https://bugzilla.redhat.com/show_bug.cgi?id=CVE-2018-16866",
          "https://cve.mitre.org/cgi-bin/cvename.cgi?name=CVE-2018-16866",
          "https://seclists.org/bugtraq/2019/May/25",
          "https://security.gentoo.org/glsa/201903-07",
          "https://security.netapp.com/advisory/ntap-20190117-0001/",
          "https://usn.ubuntu.com/3855-1/",
          "https://www.debian.org/security/2019/dsa-4367",
          "https://www.qualys.com/2019/01/09/system-down/system-down.txt"
        ]
      },
      {
        "VulnerabilityID": "CVE-2018-16888",
        "PkgName": "systemd",
        "InstalledVersion": "219-62.el7_6.5",
        "FixedVersion": "219-67.el7",
        "LayerID": "sha256:d69483a6face4499acb974449d1303591fcbb5cdce5420f36f8a6607bda11854",
        "SeveritySource": "nvd",
        "Title": "systemd: kills privileged process if unprivileged PIDFile was tampered",
        "Description": "It was discovered systemd does not correctly check the content of PIDFile files before using it to kill processes. When a service is run from an unprivileged user (e.g. User field set in the service file), a local attacker who is able to write to the PIDFile of the mentioned service may use this flaw to trick systemd into killing other services and/or privileged processes. Versions before v237 are vulnerable.",
        "Severity": "LOW",
        "References": [
          "http://linux.oracle.com/cve/CVE-2018-16888.html",
          "http://linux.oracle.com/errata/ELSA-2019-2091.html",
          "https://access.redhat.com/errata/RHSA-2019:2091",
          "https://bugzilla.redhat.com/show_bug.cgi?id=CVE-2018-16888",
          "https://cve.mitre.org/cgi-bin/cvename.cgi?name=CVE-2018-16888",
          "https://lists.apache.org/thread.html/5960a34a524848cd722fd7ab7e2227eac10107b0f90d9d1e9c3caa74@%3Cuser.cassandra.apache.org%3E",
          "https://security.netapp.com/advisory/ntap-20190307-0007/"
        ]
      },
      {
        "VulnerabilityID": "CVE-2018-15686",
        "PkgName": "systemd-libs",
        "InstalledVersion": "219-62.el7_6.5",
        "FixedVersion": "219-67.el7",
        "LayerID": "sha256:d69483a6face4499acb974449d1303591fcbb5cdce5420f36f8a6607bda11854",
        "SeveritySource": "nvd",
        "Title": "systemd: line splitting via fgets() allows for state injection during daemon-reexec",
        "Description": "A vulnerability in unit_deserialize of systemd allows an attacker to supply arbitrary state across systemd re-execution via NotifyAccess. This can be used to improperly influence systemd execution and possibly lead to root privilege escalation. Affected releases are systemd versions up to and including 239.",
        "Severity": "HIGH",
        "References": [
          "http://linux.oracle.com/cve/CVE-2018-15686.html",
          "http://linux.oracle.com/errata/ELSA-2019-2091.html",
          "http://www.securityfocus.com/bid/105747",
          "https://access.redhat.com/errata/RHSA-2019:2091",
          "https://cve.mitre.org/cgi-bin/cvename.cgi?name=CVE-2018-15686",
          "https://github.com/systemd/systemd/pull/10519",
          "https://lists.debian.org/debian-lts-announce/2018/11/msg00017.html",
          "https://security.gentoo.org/glsa/201810-10",
          "https://usn.ubuntu.com/3816-1/",
          "https://www.exploit-db.com/exploits/45714/"
        ]
      },
      {
        "VulnerabilityID": "CVE-2018-16866",
        "PkgName": "systemd-libs",
        "InstalledVersion": "219-62.el7_6.5",
        "FixedVersion": "219-67.el7",
        "LayerID": "sha256:d69483a6face4499acb974449d1303591fcbb5cdce5420f36f8a6607bda11854",
        "SeveritySource": "nvd",
        "Title": "systemd: out-of-bounds read when parsing a crafted syslog message",
        "Description": "An out of bounds read was discovered in systemd-journald in the way it parses log messages that terminate with a colon ':'. A local attacker can use this flaw to disclose process memory data. Versions from v221 to v239 are vulnerable.",
        "Severity": "LOW",
        "References": [
          "http://linux.oracle.com/cve/CVE-2018-16866.html",
          "http://linux.oracle.com/errata/ELSA-2019-2091.html",
          "http://packetstormsecurity.com/files/152841/System-Down-A-systemd-journald-Exploit.html",
          "http://seclists.org/fulldisclosure/2019/May/21",
          "http://www.openwall.com/lists/oss-security/2019/05/10/4",
          "http://www.securityfocus.com/bid/106527",
          "https://bugzilla.redhat.com/show_bug.cgi?id=CVE-2018-16866",
          "https://cve.mitre.org/cgi-bin/cvename.cgi?name=CVE-2018-16866",
          "https://seclists.org/bugtraq/2019/May/25",
          "https://security.gentoo.org/glsa/201903-07",
          "https://security.netapp.com/advisory/ntap-20190117-0001/",
          "https://usn.ubuntu.com/3855-1/",
          "https://www.debian.org/security/2019/dsa-4367",
          "https://www.qualys.com/2019/01/09/system-down/system-down.txt"
        ]
      },
      {
        "VulnerabilityID": "CVE-2018-16888",
        "PkgName": "systemd-libs",
        "InstalledVersion": "219-62.el7_6.5",
        "FixedVersion": "219-67.el7",
        "LayerID": "sha256:d69483a6face4499acb974449d1303591fcbb5cdce5420f36f8a6607bda11854",
        "SeveritySource": "nvd",
        "Title": "systemd: kills privileged process if unprivileged PIDFile was tampered",
        "Description": "It was discovered systemd does not correctly check the content of PIDFile files before using it to kill processes. When a service is run from an unprivileged user (e.g. User field set in the service file), a local attacker who is able to write to the PIDFile of the mentioned service may use this flaw to trick systemd into killing other services and/or privileged processes. Versions before v237 are vulnerable.",
        "Severity": "LOW",
        "References": [
          "http://linux.oracle.com/cve/CVE-2018-16888.html",
          "http://linux.oracle.com/errata/ELSA-2019-2091.html",
          "https://access.redhat.com/errata/RHSA-2019:2091",
          "https://bugzilla.redhat.com/show_bug.cgi?id=CVE-2018-16888",
          "https://cve.mitre.org/cgi-bin/cvename.cgi?name=CVE-2018-16888",
          "https://lists.apache.org/thread.html/5960a34a524848cd722fd7ab7e2227eac10107b0f90d9d1e9c3caa74@%3Cuser.cassandra.apache.org%3E",
          "https://security.netapp.com/advisory/ntap-20190307-0007/"
        ]
      },
      {
        "VulnerabilityID": "CVE-2019-12735",
        "PkgName": "vim-minimal",
        "InstalledVersion": "2:7.4.160-5.el7",
        "FixedVersion": "2:7.4.160-6.el7_6",
        "LayerID": "sha256:d69483a6face4499acb974449d1303591fcbb5cdce5420f36f8a6607bda11854",
        "SeveritySource": "nvd",
        "Title": "vim/neovim: ':source!' command allows arbitrary command execution via modelines",
        "Description": "getchar.c in Vim before 8.1.1365 and Neovim before 0.3.6 allows remote attackers to execute arbitrary OS commands via the :source! command in a modeline, as demonstrated by execute in Vim, and assert_fails or nvim_input in Neovim.",
        "Severity": "HIGH",
        "References": [
          "http://linux.oracle.com/cve/CVE-2019-12735.html",
          "http://linux.oracle.com/errata/ELSA-2019-1774.html",
          "http://lists.opensuse.org/opensuse-security-announce/2019-06/msg00031.html",
          "http://lists.opensuse.org/opensuse-security-announce/2019-06/msg00036.html",
          "http://lists.opensuse.org/opensuse-security-announce/2019-06/msg00037.html",
          "http://www.securityfocus.com/bid/108724",
          "https://bugs.debian.org/930020",
          "https://bugs.debian.org/930024",
          "https://cve.mitre.org/cgi-bin/cvename.cgi?name=CVE-2019-12735",
          "https://github.com/neovim/neovim/pull/10082",
          "https://github.com/numirias/security/blob/master/doc/2019-06-04_ace-vim-neovim.md",
          "https://github.com/vim/vim/commit/53575521406739cf20bbe4e384d88e7dca11f040",
          "https://lists.fedoraproject.org/archives/list/package-announce@lists.fedoraproject.org/message/2BMDSHTF754TITC6AQJPCS5IRIDMMIM7/",
          "https://lists.fedoraproject.org/archives/list/package-announce@lists.fedoraproject.org/message/TRIRBC2YRGKPAWVRMZS4SZTGGCVRVZPR/",
          "https://usn.ubuntu.com/4016-1/",
          "https://usn.ubuntu.com/4016-2/",
          "https://www.debian.org/security/2019/dsa-4467"
        ]
      }
    ]
  }
]