[
  {
    "Target": "testdata/fixtures/images/fluentd-multiple-lockfiles.tar.gz (debian 10.2)",
    "Class": "os-pkgs",
    "Type": "debian",
    "Vulnerabilities": [
      {
        "VulnerabilityID": "CVE-2019-5188",
        "PkgName": "e2fsprogs",
        "InstalledVersion": "1.44.5-1+deb10u2",
        "FixedVersion": "1.44.5-1+deb10u3",
        "Layer": {
          "DiffID": "sha256:831c5620387fb9efec59fc82a42b948546c6be601e3ab34a87108ecf852aa15f"
        },
        "SeveritySource": "nvd",
        "PrimaryURL": "https://avd.aquasec.com/nvd/cve-2019-5188",
        "Title": "e2fsprogs: Out-of-bounds write in  e2fsck/rehash.c",
        "Description": "A code execution vulnerability exists in the directory rehashing functionality of E2fsprogs e2fsck 1.45.4. A specially crafted ext4 directory can cause an out-of-bounds write on the stack, resulting in code execution. An attacker can corrupt a partition to trigger this vulnerability.",
        "Severity": "MEDIUM",
        "CweIDs": [
          "CWE-787"
        ],
        "CVSS": {
          "nvd": {
            "V2Vector": "AV:L/AC:L/Au:N/C:P/I:P/A:P",
            "V2Score": 4.6
          },
          "redhat": {
            "V3Vector": "CVSS:3.1/AV:L/AC:H/PR:H/UI:N/S:C/C:H/I:H/A:H",
            "V3Score": 7.5
          }
        },
        "References": [
          "http://lists.opensuse.org/opensuse-security-announce/2020-02/msg00004.html",
          "https://cve.mitre.org/cgi-bin/cvename.cgi?name=CVE-2019-5188",
          "https://lists.fedoraproject.org/archives/list/package-announce@lists.fedoraproject.org/message/2AKETJ6BREDUHRWQTV35SPGG5C6H7KSI/",
          "https://lists.fedoraproject.org/archives/list/package-announce@lists.fedoraproject.org/message/6DOBCYQKCTTWXBLMUPJ5TX3FY7JNCOKY/",
          "https://talosintelligence.com/vulnerability_reports/TALOS-2019-0973",
          "https://usn.ubuntu.com/4249-1/",
          "https://usn.ubuntu.com/usn/usn-4249-1"
        ],
        "PublishedDate": "2020-01-08T16:15:00Z",
        "LastModifiedDate": "2020-01-28T06:15:00Z"
      },
      {
        "VulnerabilityID": "CVE-2019-5188",
        "PkgName": "libcom-err2",
        "InstalledVersion": "1.44.5-1+deb10u2",
        "FixedVersion": "1.44.5-1+deb10u3",
        "Layer": {
          "DiffID": "sha256:831c5620387fb9efec59fc82a42b948546c6be601e3ab34a87108ecf852aa15f"
        },
        "SeveritySource": "nvd",
        "PrimaryURL": "https://avd.aquasec.com/nvd/cve-2019-5188",
        "Title": "e2fsprogs: Out-of-bounds write in  e2fsck/rehash.c",
        "Description": "A code execution vulnerability exists in the directory rehashing functionality of E2fsprogs e2fsck 1.45.4. A specially crafted ext4 directory can cause an out-of-bounds write on the stack, resulting in code execution. An attacker can corrupt a partition to trigger this vulnerability.",
        "Severity": "MEDIUM",
        "CweIDs": [
          "CWE-787"
        ],
        "CVSS": {
          "nvd": {
            "V2Vector": "AV:L/AC:L/Au:N/C:P/I:P/A:P",
            "V2Score": 4.6
          },
          "redhat": {
            "V3Vector": "CVSS:3.1/AV:L/AC:H/PR:H/UI:N/S:C/C:H/I:H/A:H",
            "V3Score": 7.5
          }
        },
        "References": [
          "http://lists.opensuse.org/opensuse-security-announce/2020-02/msg00004.html",
          "https://cve.mitre.org/cgi-bin/cvename.cgi?name=CVE-2019-5188",
          "https://lists.fedoraproject.org/archives/list/package-announce@lists.fedoraproject.org/message/2AKETJ6BREDUHRWQTV35SPGG5C6H7KSI/",
          "https://lists.fedoraproject.org/archives/list/package-announce@lists.fedoraproject.org/message/6DOBCYQKCTTWXBLMUPJ5TX3FY7JNCOKY/",
          "https://talosintelligence.com/vulnerability_reports/TALOS-2019-0973",
          "https://usn.ubuntu.com/4249-1/",
          "https://usn.ubuntu.com/usn/usn-4249-1"
        ],
        "PublishedDate": "2020-01-08T16:15:00Z",
        "LastModifiedDate": "2020-01-28T06:15:00Z"
      },
      {
        "VulnerabilityID": "CVE-2019-5188",
        "PkgName": "libext2fs2",
        "InstalledVersion": "1.44.5-1+deb10u2",
        "FixedVersion": "1.44.5-1+deb10u3",
        "Layer": {
          "DiffID": "sha256:831c5620387fb9efec59fc82a42b948546c6be601e3ab34a87108ecf852aa15f"
        },
        "SeveritySource": "nvd",
        "PrimaryURL": "https://avd.aquasec.com/nvd/cve-2019-5188",
        "Title": "e2fsprogs: Out-of-bounds write in  e2fsck/rehash.c",
        "Description": "A code execution vulnerability exists in the directory rehashing functionality of E2fsprogs e2fsck 1.45.4. A specially crafted ext4 directory can cause an out-of-bounds write on the stack, resulting in code execution. An attacker can corrupt a partition to trigger this vulnerability.",
        "Severity": "MEDIUM",
        "CweIDs": [
          "CWE-787"
        ],
        "CVSS": {
          "nvd": {
            "V2Vector": "AV:L/AC:L/Au:N/C:P/I:P/A:P",
            "V2Score": 4.6
          },
          "redhat": {
            "V3Vector": "CVSS:3.1/AV:L/AC:H/PR:H/UI:N/S:C/C:H/I:H/A:H",
            "V3Score": 7.5
          }
        },
        "References": [
          "http://lists.opensuse.org/opensuse-security-announce/2020-02/msg00004.html",
          "https://cve.mitre.org/cgi-bin/cvename.cgi?name=CVE-2019-5188",
          "https://lists.fedoraproject.org/archives/list/package-announce@lists.fedoraproject.org/message/2AKETJ6BREDUHRWQTV35SPGG5C6H7KSI/",
          "https://lists.fedoraproject.org/archives/list/package-announce@lists.fedoraproject.org/message/6DOBCYQKCTTWXBLMUPJ5TX3FY7JNCOKY/",
          "https://talosintelligence.com/vulnerability_reports/TALOS-2019-0973",
          "https://usn.ubuntu.com/4249-1/",
          "https://usn.ubuntu.com/usn/usn-4249-1"
        ],
        "PublishedDate": "2020-01-08T16:15:00Z",
        "LastModifiedDate": "2020-01-28T06:15:00Z"
      },
      {
        "VulnerabilityID": "CVE-2019-18224",
        "PkgName": "libidn2-0",
        "InstalledVersion": "2.0.5-1",
        "FixedVersion": "2.0.5-1+deb10u1",
        "Layer": {
          "DiffID": "sha256:831c5620387fb9efec59fc82a42b948546c6be601e3ab34a87108ecf852aa15f"
        },
        "SeveritySource": "nvd",
        "PrimaryURL": "https://avd.aquasec.com/nvd/cve-2019-18224",
        "Title": "libidn2: heap-based buffer overflow in idn2_to_ascii_4i in lib/lookup.c",
        "Description": "idn2_to_ascii_4i in lib/lookup.c in GNU libidn2 before 2.1.1 has a heap-based buffer overflow via a long domain string.",
        "Severity": "HIGH",
        "CweIDs": [
          "CWE-787"
        ],
        "CVSS": {
          "nvd": {
            "V2Vector": "AV:N/AC:L/Au:N/C:P/I:P/A:P",
            "V2Score": 7.5
          },
          "redhat": {
            "V3Vector": "CVSS:3.0/AV:N/AC:H/PR:N/UI:N/S:U/C:L/I:L/A:L",
            "V3Score": 5.6
          }
        },
        "References": [
          "https://bugs.chromium.org/p/oss-fuzz/issues/detail?id=12420",
          "https://cve.mitre.org/cgi-bin/cvename.cgi?name=CVE-2019-18224",
          "https://github.com/libidn/libidn2/commit/e4d1558aa2c1c04a05066ee8600f37603890ba8c",
          "https://github.com/libidn/libidn2/compare/libidn2-2.1.0...libidn2-2.1.1",
          "https://lists.fedoraproject.org/archives/list/package-announce@lists.fedoraproject.org/message/JDQVQ2XPV5BTZUFINT7AFJSKNNBVURNJ/",
          "https://lists.fedoraproject.org/archives/list/package-announce@lists.fedoraproject.org/message/MINU5RKDFE6TKAFY5DRFN3WSFDS4DYVS/",
          "https://usn.ubuntu.com/4168-1/",
          "https://usn.ubuntu.com/usn/usn-4168-1"
        ],
        "PublishedDate": "2019-10-21T17:15:00Z",
        "LastModifiedDate": "2019-10-29T19:15:00Z"
      },
      {
        "VulnerabilityID": "CVE-2019-5188",
        "PkgName": "libss2",
        "InstalledVersion": "1.44.5-1+deb10u2",
        "FixedVersion": "1.44.5-1+deb10u3",
        "Layer": {
          "DiffID": "sha256:831c5620387fb9efec59fc82a42b948546c6be601e3ab34a87108ecf852aa15f"
        },
        "SeveritySource": "nvd",
        "PrimaryURL": "https://avd.aquasec.com/nvd/cve-2019-5188",
        "Title": "e2fsprogs: Out-of-bounds write in  e2fsck/rehash.c",
        "Description": "A code execution vulnerability exists in the directory rehashing functionality of E2fsprogs e2fsck 1.45.4. A specially crafted ext4 directory can cause an out-of-bounds write on the stack, resulting in code execution. An attacker can corrupt a partition to trigger this vulnerability.",
        "Severity": "MEDIUM",
        "CweIDs": [
          "CWE-787"
        ],
        "CVSS": {
          "nvd": {
            "V2Vector": "AV:L/AC:L/Au:N/C:P/I:P/A:P",
            "V2Score": 4.6
          },
          "redhat": {
            "V3Vector": "CVSS:3.1/AV:L/AC:H/PR:H/UI:N/S:C/C:H/I:H/A:H",
            "V3Score": 7.5
          }
        },
        "References": [
          "http://lists.opensuse.org/opensuse-security-announce/2020-02/msg00004.html",
          "https://cve.mitre.org/cgi-bin/cvename.cgi?name=CVE-2019-5188",
          "https://lists.fedoraproject.org/archives/list/package-announce@lists.fedoraproject.org/message/2AKETJ6BREDUHRWQTV35SPGG5C6H7KSI/",
          "https://lists.fedoraproject.org/archives/list/package-announce@lists.fedoraproject.org/message/6DOBCYQKCTTWXBLMUPJ5TX3FY7JNCOKY/",
          "https://talosintelligence.com/vulnerability_reports/TALOS-2019-0973",
          "https://usn.ubuntu.com/4249-1/",
          "https://usn.ubuntu.com/usn/usn-4249-1"
        ],
        "PublishedDate": "2020-01-08T16:15:00Z",
        "LastModifiedDate": "2020-01-28T06:15:00Z"
      }
    ]
  },
  {
    "Target": "",
    "Class": "lang-pkgs",
    "Type": "gemspec",
    "Vulnerabilities": [
      {
        "VulnerabilityID": "CVE-2020-8165",
        "PkgName": "activesupport",
        "InstalledVersion": "6.0.2.1",
        "FixedVersion": "~\u003e 5.2.4.3, \u003e= 6.0.3.1",
        "Layer": {
          "DiffID": "sha256:75e43d55939745950bc3f8fad56c5834617c4339f0f54755e69a0dd5372624e9"
        },
        "PrimaryURL": "https://avd.aquasec.com/nvd/cve-2020-8165",
        "Title": "Potentially unintended unmarshalling of user-provided objects in MemCacheStore and RedisCacheStore",
        "Description": "There is potentially unexpected behaviour in the MemCacheStore and RedisCacheStore where, when\nuntrusted user input is written to the cache store using the `raw: true` parameter, re-reading the result\nfrom the cache can evaluate the user input as a Marshalled object instead of plain text. Vulnerable code looks like:\n\n```\ndata = cache.fetch(\"demo\", raw: true) { untrusted_string }\n```\n\nVersions Affected:  rails \u003c 5.2.5, rails \u003c 6.0.4\nNot affected:       Applications not using MemCacheStore or RedisCacheStore. Applications that do not use the `raw` option when storing untrusted user input.\nFixed Versions:     rails \u003e= 5.2.4.3, rails \u003e= 6.0.3.1\n\nImpact\n------\n\nUnmarshalling of untrusted user input can have impact up to and including RCE. At a minimum,\nthis vulnerability allows an attacker to inject untrusted Ruby objects into a web application.\n\nIn addition to upgrading to the latest versions of Rails, developers should ensure that whenever\nthey are calling `Rails.cache.fetch` they are using consistent values of the `raw` parameter for both\nreading and writing, especially in the case of the RedisCacheStore which does not, prior to these changes,\ndetect if data was serialized using the raw option upon deserialization.\n\nWorkarounds\n-----------\n\nIt is recommended that application developers apply the suggested patch or upgrade to the latest release as\nsoon as possible. If this is not possible, we recommend ensuring that all user-provided strings cached using\nthe `raw` argument should be double-checked to ensure that they conform to the expected format.\n",
        "Severity": "UNKNOWN",
        "References": [
          "https://groups.google.com/forum/#!topic/rubyonrails-security/bv6fW4S0Y1c"
        ]
      },
      {
        "VulnerabilityID": "CVE-2020-10663",
        "PkgName": "json",
        "InstalledVersion": "2.1.0",
        "FixedVersion": "\u003e= 2.3.0",
        "Layer": {
          "DiffID": "sha256:75e43d55939745950bc3f8fad56c5834617c4339f0f54755e69a0dd5372624e9"
        },
        "PrimaryURL": "https://avd.aquasec.com/nvd/cve-2020-10663",
        "Title": "json Gem for Ruby Unsafe Object Creation Vulnerability (additional fix)",
        "Description": "There is an unsafe object creation vulnerability in the json gem bundled with\nRuby. This vulnerability has been assigned the CVE identifier CVE-2020-10663.\nWe strongly recommend upgrading the json gem.\n\nDetails\n-------\n\nWhen parsing certain JSON documents, the json gem (including the one bundled\nwith Ruby) can be coerced into creating arbitrary objects in the target system.\n\nThis is the same issue as CVE-2013-0269. The previous fix was incomplete, which\naddressed JSON.parse(user_input), but didn’t address some other styles of JSON\nparsing including JSON(user_input) and JSON.parse(user_input, nil).\n\nSee CVE-2013-0269 in detail. Note that the issue was exploitable to cause a\nDenial of Service by creating many garbage-uncollectable Symbol objects, but\nthis kind of attack is no longer valid because Symbol objects are now\ngarbage-collectable. However, creating arbitrary objects may cause severe\nsecurity consequences depending upon the application code.\n",
        "Severity": "UNKNOWN",
        "References": [
          "https://groups.google.com/forum/#!topic/ruby-security-ann/ermX1eQqqKA",
          "https://www.ruby-lang.org/en/news/2020/03/19/json-dos-cve-2020-10663/"
        ]
      },
      {
        "VulnerabilityID": "CVE-2020-8130",
        "PkgName": "rake",
        "InstalledVersion": "12.3.1",
        "FixedVersion": "\u003e= 12.3.3",
        "Layer": {
          "DiffID": "sha256:75e43d55939745950bc3f8fad56c5834617c4339f0f54755e69a0dd5372624e9"
        },
        "SeveritySource": "nvd",
        "PrimaryURL": "https://avd.aquasec.com/nvd/cve-2020-8130",
        "Title": "OS Command Injection in Rake",
        "Description": "There is an OS command injection vulnerability in Ruby Rake \u003c 12.3.3 in Rake::FileList when supplying a filename that begins with the pipe character `|`.",
        "Severity": "HIGH",
        "CweIDs": [
          "CWE-78"
        ],
        "CVSS": {
          "nvd": {
            "V2Vector": "AV:N/AC:M/Au:N/C:C/I:C/A:C",
            "V2Score": 9.3
          }
        },
        "References": [
          "https://cve.mitre.org/cgi-bin/cvename.cgi?name=CVE-2020-8130",
          "https://github.com/advisories/GHSA-jppv-gw3r-w3q8",
          "https://hackerone.com/reports/651518",
          "https://lists.debian.org/debian-lts-announce/2020/02/msg00026.html"
        ],
        "PublishedDate": "2020-02-24T15:15:00Z",
        "LastModifiedDate": "2020-02-27T00:15:00Z"
      },
      {
        "VulnerabilityID": "CVE-2020-25613",
        "PkgName": "webrick",
        "InstalledVersion": "1.4.2",
        "FixedVersion": "\u003e= 1.6.1",
        "Layer": {
          "DiffID": "sha256:75e43d55939745950bc3f8fad56c5834617c4339f0f54755e69a0dd5372624e9"
        },
        "PrimaryURL": "https://avd.aquasec.com/nvd/cve-2020-25613",
        "Title": "Potential HTTP Request Smuggling Vulnerability in WEBrick",
        "Description": "WEBrick was too tolerant against an invalid Transfer-Encoding header. This may lead to\ninconsistent interpretation between WEBrick and some HTTP proxy servers, which may\nallow the attacker to \"smuggle\" a request. See CWE-444 in detail.\n",
        "Severity": "UNKNOWN",
        "References": [
          "https://www.ruby-lang.org/en/news/2020/09/29/http-request-smuggling-cve-2020-25613/"
        ]
      }
    ]
  }
]