{
  "SchemaVersion": 2,
  "ArtifactName": "testdata/fixtures/fs/ignore-errors",
  "ArtifactType": "filesystem",
  "Metadata": {
    "ImageConfig": {
      "architecture": "",
      "created": "0001-01-01T00:00:00Z",
      "os": "",
      "rootfs": {
        "type": "",
        "diff_ids": null
      },
      "config": {}
    }
  }
}
