{
  "SchemaVersion": 2,
  "CreatedAt": "2021-08-25T12:20:30.000000005Z",
  "ArtifactName": "testdata/fixtures/sbom/multiple-os.sdpx.json",
  "ArtifactType": "spdx",
  "Metadata": {
    "OS": {
      "Family": "debian",
      "Name": "12.5"
    },
    "ImageConfig": {
      "architecture": "",
      "created": "0001-01-01T00:00:00Z",
      "os": "",
      "rootfs": {
        "type": "",
        "diff_ids": null
      },
      "config": {}
    }
  },
  "Results": [
    {
      "Target": "testdata/fixtures/sbom/multiple-os.sdpx.json (debian 12.5)",
      "Class": "os-pkgs",
      "Type": "debian",
      "Packages": [
        {
          "ID": "libedit2@3.1-20221030-2",
          "Name": "libedit2",
          "Identifier": {
            "PURL": "pkg:deb/debian/libedit2@3.1-20221030-2?arch=amd64\u0026distro=debian-12.5",
            "UID": "7bc539cf6076d318",
            "SPDXID": "Package-gnrtd7"
          },
          "Version": "3.1-20221030-2",
          "Arch": "amd64",
          "SrcName": "libedit",
          "SrcVersion": "3.1-20221030",
          "SrcRelease": "2",
          "Licenses": [
            "BSD-3-Clause"
          ],
          "Layer": {}
        }
      ]
    }
  ]
}
