[
  {
    "Target": "testdata/fixtures/images/opensuse-leap-423.tar.gz (opensuse.leap 42.3)",
    "Type": "opensuse.leap"
  }
]