[
  {
    "Target": "testdata/fixtures/opensuse-leap-151.tar.gz (opensuse.leap 15.1)",
    "Vulnerabilities": [
      {
        "VulnerabilityID": "SUSE-SU-2019:3059-1",
        "PkgName": "cpio",
        "InstalledVersion": "2.12-lp151.2.68",
        "FixedVersion": "2.12-3.3.1",
        "Title": "Security update for cpio",
        "Severity": "MEDIUM",
        "References": [
          "http://lists.suse.com/pipermail/sle-security-updates/2019-November/006174.html",
          "https://www.suse.com/support/security/rating/",
          "https://www.suse.com/support/update/announcement/2019/suse-su-20193059-1/"
        ]
      },
      {
        "VulnerabilityID": "SUSE-SU-2019:1877-1",
        "PkgName": "glibc",
        "InstalledVersion": "2.26-lp151.18.7",
        "FixedVersion": "2.26-13.24.1",
        "Title": "Security update for glibc",
        "Severity": "MEDIUM",
        "References": [
          "http://lists.suse.com/pipermail/sle-security-updates/2019-July/005729.html",
          "https://www.suse.com/support/security/rating/",
          "https://www.suse.com/support/update/announcement/2019/suse-su-20191877-1/"
        ]
      },
      {
        "VulnerabilityID": "SUSE-SU-2019:2006-1",
        "PkgName": "gpg2",
        "InstalledVersion": "2.2.5-lp151.6.3.1",
        "FixedVersion": "2.2.5-4.11.1",
        "Title": "Security update for gpg2",
        "Severity": "MEDIUM",
        "References": [
          "https://www.suse.com/support/security/rating/",
          "https://www.suse.com/support/update/announcement/2019/suse-su-20192006-1.html",
          "https://www.suse.com/support/update/announcement/2019/suse-su-20192006-1/"
        ]
      },
      {
        "VulnerabilityID": "SUSE-SU-2019:2307-1",
        "PkgName": "libblkid1",
        "InstalledVersion": "2.33.1-lp151.3.3.2",
        "FixedVersion": "2.33.1-4.5.1",
        "Title": "Security update for util-linux and shadow",
        "Severity": "UNKNOWN",
        "References": [
          "http://lists.suse.com/pipermail/sle-security-updates/2019-September/005883.html",
          "https://www.suse.com/support/security/rating/",
          "https://www.suse.com/support/update/announcement/2019/suse-su-20192307-1/"
        ]
      },
      {
        "VulnerabilityID": "SUSE-SU-2019:1846-1",
        "PkgName": "libbz2-1",
        "InstalledVersion": "1.0.6-lp151.5.9.1",
        "FixedVersion": "1.0.6-5.6.1",
        "Title": "Security update for bzip2",
        "Severity": "HIGH",
        "References": [
          "http://lists.suse.com/pipermail/sle-security-updates/2019-July/005707.html",
          "https://www.suse.com/support/security/rating/",
          "https://www.suse.com/support/update/announcement/2019/suse-su-20191846-1/"
        ]
      },
      {
        "VulnerabilityID": "SUSE-SU-2019:2004-1",
        "PkgName": "libbz2-1",
        "InstalledVersion": "1.0.6-lp151.5.9.1",
        "FixedVersion": "1.0.6-5.9.1",
        "Title": "Security update for bzip2",
        "Severity": "HIGH",
        "References": [
          "https://www.suse.com/support/security/rating/",
          "https://www.suse.com/support/update/announcement/2019/suse-su-20192004-1.html",
          "https://www.suse.com/support/update/announcement/2019/suse-su-20192004-1/"
        ]
      },
      {
        "VulnerabilityID": "SUSE-SU-2019:1206-2",
        "PkgName": "libbz2-1",
        "InstalledVersion": "1.0.6-lp151.5.9.1",
        "FixedVersion": "1.0.6-5.3.1",
        "Title": "Security update for bzip2",
        "Severity": "MEDIUM",
        "References": [
          "http://lists.suse.com/pipermail/sle-security-updates/2019-July/005653.html",
          "https://www.suse.com/support/security/rating/",
          "https://www.suse.com/support/update/announcement/2019/suse-su-20191206-2/"
        ]
      },
      {
        "VulnerabilityID": "SUSE-SU-2019:1357-2",
        "PkgName": "libcurl4",
        "InstalledVersion": "7.60.0-lp151.5.6.1",
        "FixedVersion": "7.60.0-3.20.1",
        "Title": "Security update for curl",
        "Severity": "HIGH",
        "References": [
          "http://lists.suse.com/pipermail/sle-security-updates/2019-July/005640.html",
          "https://www.suse.com/support/security/rating/",
          "https://www.suse.com/support/update/announcement/2019/suse-su-20191357-2/"
        ]
      },
      {
        "VulnerabilityID": "SUSE-SU-2019:2373-1",
        "PkgName": "libcurl4",
        "InstalledVersion": "7.60.0-lp151.5.6.1",
        "FixedVersion": "7.60.0-3.23.1",
        "Title": "Security update for curl",
        "Severity": "HIGH",
        "References": [
          "https://www.suse.com/support/security/rating/",
          "https://www.suse.com/support/update/announcement/2019/suse-su-20192373-1.html",
          "https://www.suse.com/support/update/announcement/2019/suse-su-20192373-1/"
        ]
      },
      {
        "VulnerabilityID": "SUSE-SU-2019:1486-1",
        "PkgName": "libdw1",
        "InstalledVersion": "0.168-lp151.4.3.1",
        "FixedVersion": "0.168-4.5.3",
        "Title": "Security update for elfutils",
        "Severity": "MEDIUM",
        "References": [
          "http://lists.suse.com/pipermail/sle-security-updates/2019-June/005554.html",
          "https://www.suse.com/support/security/rating/",
          "https://www.suse.com/support/update/announcement/2019/suse-su-20191486-1/"
        ]
      },
      {
        "VulnerabilityID": "SUSE-SU-2019:1486-1",
        "PkgName": "libebl-plugins",
        "InstalledVersion": "0.168-lp151.4.3.1",
        "FixedVersion": "0.168-4.5.3",
        "Title": "Security update for elfutils",
        "Severity": "MEDIUM",
        "References": [
          "http://lists.suse.com/pipermail/sle-security-updates/2019-June/005554.html",
          "https://www.suse.com/support/security/rating/",
          "https://www.suse.com/support/update/announcement/2019/suse-su-20191486-1/"
        ]
      },
      {
        "VulnerabilityID": "SUSE-SU-2019:1486-1",
        "PkgName": "libelf1",
        "InstalledVersion": "0.168-lp151.4.3.1",
        "FixedVersion": "0.168-4.5.3",
        "Title": "Security update for elfutils",
        "Severity": "MEDIUM",
        "References": [
          "http://lists.suse.com/pipermail/sle-security-updates/2019-June/005554.html",
          "https://www.suse.com/support/security/rating/",
          "https://www.suse.com/support/update/announcement/2019/suse-su-20191486-1/"
        ]
      },
      {
        "VulnerabilityID": "SUSE-SU-2019:2307-1",
        "PkgName": "libfdisk1",
        "InstalledVersion": "2.33.1-lp151.3.3.2",
        "FixedVersion": "2.33.1-4.5.1",
        "Title": "Security update for util-linux and shadow",
        "Severity": "UNKNOWN",
        "References": [
          "http://lists.suse.com/pipermail/sle-security-updates/2019-September/005883.html",
          "https://www.suse.com/support/security/rating/",
          "https://www.suse.com/support/update/announcement/2019/suse-su-20192307-1/"
        ]
      },
      {
        "VulnerabilityID": "SUSE-SU-2019:1971-1",
        "PkgName": "libgcrypt20",
        "InstalledVersion": "1.8.2-lp151.9.4.1",
        "FixedVersion": "1.8.2-8.6.2",
        "Title": "Security update for libgcrypt",
        "Severity": "MEDIUM",
        "References": [
          "http://lists.suse.com/pipermail/sle-security-updates/2019-July/005751.html",
          "https://www.suse.com/support/security/rating/",
          "https://www.suse.com/support/update/announcement/2019/suse-su-20191971-1/"
        ]
      },
      {
        "VulnerabilityID": "SUSE-SU-2019:1351-2",
        "PkgName": "libgnutls30",
        "InstalledVersion": "3.6.7-lp151.2.3.1",
        "FixedVersion": "3.6.7-6.11.1",
        "Title": "Security update for gnutls",
        "Severity": "MEDIUM",
        "References": [
          "http://lists.suse.com/pipermail/sle-security-updates/2019-July/005638.html",
          "https://www.suse.com/support/security/rating/",
          "https://www.suse.com/support/update/announcement/2019/suse-su-20191351-2/"
        ]
      },
      {
        "VulnerabilityID": "SUSE-SU-2019:3086-1",
        "PkgName": "libidn2-0",
        "InstalledVersion": "2.0.4-lp151.2.3",
        "FixedVersion": "2.2.0-3.3.1",
        "Title": "Security update for libidn2",
        "Severity": "MEDIUM",
        "References": [
          "http://lists.suse.com/pipermail/sle-security-updates/2019-November/006193.html",
          "https://www.suse.com/support/security/rating/",
          "https://www.suse.com/support/update/announcement/2019/suse-su-20193086-1/"
        ]
      },
      {
        "VulnerabilityID": "SUSE-SU-2019:2395-1",
        "PkgName": "libldap-2_4-2",
        "InstalledVersion": "2.4.46-lp151.10.3.1",
        "FixedVersion": "2.4.46-9.19.2",
        "Title": "Security update for openldap2",
        "Severity": "MEDIUM",
        "References": [
          "http://lists.suse.com/pipermail/sle-security-updates/2019-September/005929.html",
          "https://www.suse.com/support/security/rating/",
          "https://www.suse.com/support/update/announcement/2019/suse-su-20192395-1/"
        ]
      },
      {
        "VulnerabilityID": "SUSE-SU-2019:2757-1",
        "PkgName": "liblz4-1",
        "InstalledVersion": "1.8.0-lp151.3.3.1",
        "FixedVersion": "1.8.0-3.5.1",
        "Title": "Security update for lz4",
        "Severity": "MEDIUM",
        "References": [
          "http://lists.suse.com/pipermail/sle-security-updates/2019-October/006047.html",
          "https://www.suse.com/support/security/rating/",
          "https://www.suse.com/support/update/announcement/2019/suse-su-20192757-1/"
        ]
      },
      {
        "VulnerabilityID": "SUSE-SU-2019:2307-1",
        "PkgName": "libmount1",
        "InstalledVersion": "2.33.1-lp151.3.3.2",
        "FixedVersion": "2.33.1-4.5.1",
        "Title": "Security update for util-linux and shadow",
        "Severity": "UNKNOWN",
        "References": [
          "http://lists.suse.com/pipermail/sle-security-updates/2019-September/005883.html",
          "https://www.suse.com/support/security/rating/",
          "https://www.suse.com/support/update/announcement/2019/suse-su-20192307-1/"
        ]
      },
      {
        "VulnerabilityID": "SUSE-SU-2019:2997-1",
        "PkgName": "libncurses6",
        "InstalledVersion": "6.1-lp151.5.41",
        "FixedVersion": "6.1-5.6.2",
        "Title": "Security update for ncurses",
        "Severity": "MEDIUM",
        "References": [
          "http://lists.suse.com/pipermail/sle-security-updates/2019-November/006155.html",
          "https://www.suse.com/support/security/rating/",
          "https://www.suse.com/support/update/announcement/2019/suse-su-20192997-1/"
        ]
      },
      {
        "VulnerabilityID": "SUSE-SU-2019:2473-1",
        "PkgName": "libnghttp2-14",
        "InstalledVersion": "1.39.2-lp151.3.3.1",
        "FixedVersion": "1.39.2-3.3.1",
        "Title": "Security update for nghttp2",
        "Severity": "HIGH",
        "References": [
          "http://lists.suse.com/pipermail/sle-security-updates/2019-September/005969.html",
          "https://www.suse.com/support/security/rating/",
          "https://www.suse.com/support/update/announcement/2019/suse-su-20192473-1/"
        ]
      },
      {
        "VulnerabilityID": "SUSE-SU-2019:2403-1",
        "PkgName": "libopenssl1_1",
        "InstalledVersion": "1.1.0i-lp151.8.3.1",
        "FixedVersion": "1.1.0i-14.3.1",
        "Title": "Security update for openssl-1_1",
        "Severity": "MEDIUM",
        "References": [
          "http://lists.suse.com/pipermail/sle-security-updates/2019-September/005935.html",
          "https://www.suse.com/support/security/rating/",
          "https://www.suse.com/support/update/announcement/2019/suse-su-20192403-1/"
        ]
      },
      {
        "VulnerabilityID": "SUSE-SU-2019:2730-1",
        "PkgName": "libprocps7",
        "InstalledVersion": "3.3.15-lp151.6.3.1",
        "FixedVersion": "3.3.15-7.7.26",
        "Title": "Security update for procps",
        "Severity": "LOW",
        "References": [
          "http://lists.suse.com/pipermail/sle-security-updates/2019-October/006035.html",
          "https://www.suse.com/support/security/rating/",
          "https://www.suse.com/support/update/announcement/2019/suse-su-20192730-1/"
        ]
      },
      {
        "VulnerabilityID": "SUSE-SU-2019:2307-1",
        "PkgName": "libsmartcols1",
        "InstalledVersion": "2.33.1-lp151.3.3.2",
        "FixedVersion": "2.33.1-4.5.1",
        "Title": "Security update for util-linux and shadow",
        "Severity": "UNKNOWN",
        "References": [
          "http://lists.suse.com/pipermail/sle-security-updates/2019-September/005883.html",
          "https://www.suse.com/support/security/rating/",
          "https://www.suse.com/support/update/announcement/2019/suse-su-20192307-1/"
        ]
      },
      {
        "VulnerabilityID": "SUSE-SU-2019:2533-1",
        "PkgName": "libsqlite3-0",
        "InstalledVersion": "3.28.0-lp151.2.3.1",
        "FixedVersion": "3.28.0-3.9.2",
        "Title": "Security update for sqlite3",
        "Severity": "MEDIUM",
        "References": [
          "http://lists.suse.com/pipermail/sle-security-updates/2019-October/005985.html",
          "https://www.suse.com/support/security/rating/",
          "https://www.suse.com/support/update/announcement/2019/suse-su-20192533-1/"
        ]
      },
      {
        "VulnerabilityID": "SUSE-SU-2019:3267-1",
        "PkgName": "libssh4",
        "InstalledVersion": "0.8.7-lp151.2.3.1",
        "FixedVersion": "0.8.7-10.6.2",
        "Title": "Security update for libssh",
        "Severity": "HIGH",
        "References": [
          "http://lists.suse.com/pipermail/sle-security-updates/2019-December/006238.html",
          "https://www.suse.com/support/security/rating/",
          "https://www.suse.com/support/update/announcement/2019/suse-su-20193267-1/"
        ]
      },
      {
        "VulnerabilityID": "SUSE-SU-2019:1364-2",
        "PkgName": "libsystemd0",
        "InstalledVersion": "234-lp151.26.4.1",
        "FixedVersion": "234-24.30.1",
        "Title": "Security update for systemd",
        "Severity": "HIGH",
        "References": [
          "https://www.suse.com/support/security/rating/",
          "https://www.suse.com/support/update/announcement/2019/suse-su-20191364-2.html",
          "https://www.suse.com/support/update/announcement/2019/suse-su-20191364-2/"
        ]
      },
      {
        "VulnerabilityID": "SUSE-SU-2019:1372-2",
        "PkgName": "libtasn1",
        "InstalledVersion": "4.13-lp151.4.3.1",
        "FixedVersion": "4.13-4.5.1",
        "Title": "Security update for libtasn1",
        "Severity": "MEDIUM",
        "References": [
          "http://lists.suse.com/pipermail/sle-security-updates/2019-July/005654.html",
          "https://www.suse.com/support/security/rating/",
          "https://www.suse.com/support/update/announcement/2019/suse-su-20191372-2/"
        ]
      },
      {
        "VulnerabilityID": "SUSE-SU-2019:1372-2",
        "PkgName": "libtasn1-6",
        "InstalledVersion": "4.13-lp151.4.3.1",
        "FixedVersion": "4.13-4.5.1",
        "Title": "Security update for libtasn1",
        "Severity": "MEDIUM",
        "References": [
          "http://lists.suse.com/pipermail/sle-security-updates/2019-July/005654.html",
          "https://www.suse.com/support/security/rating/",
          "https://www.suse.com/support/update/announcement/2019/suse-su-20191372-2/"
        ]
      },
      {
        "VulnerabilityID": "SUSE-SU-2019:1364-2",
        "PkgName": "libudev1",
        "InstalledVersion": "234-lp151.26.4.1",
        "FixedVersion": "234-24.30.1",
        "Title": "Security update for systemd",
        "Severity": "HIGH",
        "References": [
          "https://www.suse.com/support/security/rating/",
          "https://www.suse.com/support/update/announcement/2019/suse-su-20191364-2.html",
          "https://www.suse.com/support/update/announcement/2019/suse-su-20191364-2/"
        ]
      },
      {
        "VulnerabilityID": "SUSE-SU-2019:2307-1",
        "PkgName": "libuuid1",
        "InstalledVersion": "2.33.1-lp151.3.3.2",
        "FixedVersion": "2.33.1-4.5.1",
        "Title": "Security update for util-linux and shadow",
        "Severity": "UNKNOWN",
        "References": [
          "http://lists.suse.com/pipermail/sle-security-updates/2019-September/005883.html",
          "https://www.suse.com/support/security/rating/",
          "https://www.suse.com/support/update/announcement/2019/suse-su-20192307-1/"
        ]
      },
      {
        "VulnerabilityID": "SUSE-SU-2019:3087-1",
        "PkgName": "libxml2-2",
        "InstalledVersion": "2.9.7-lp151.5.3.1",
        "FixedVersion": "2.9.7-3.12.1",
        "Title": "Security update for libxml2",
        "Severity": "UNKNOWN",
        "References": [
          "http://lists.suse.com/pipermail/sle-security-updates/2019-November/006191.html",
          "https://www.suse.com/support/security/rating/",
          "https://www.suse.com/support/update/announcement/2019/suse-su-20193087-1/"
        ]
      },
      {
        "VulnerabilityID": "SUSE-SU-2019:2997-1",
        "PkgName": "ncurses-utils",
        "InstalledVersion": "6.1-lp151.5.41",
        "FixedVersion": "6.1-5.6.2",
        "Title": "Security update for ncurses",
        "Severity": "MEDIUM",
        "References": [
          "http://lists.suse.com/pipermail/sle-security-updates/2019-November/006155.html",
          "https://www.suse.com/support/security/rating/",
          "https://www.suse.com/support/update/announcement/2019/suse-su-20192997-1/"
        ]
      },
      {
        "VulnerabilityID": "SUSE-SU-2019:2403-1",
        "PkgName": "openssl-1_1",
        "InstalledVersion": "1.1.0i-lp151.8.3.1",
        "FixedVersion": "1.1.0i-14.3.1",
        "Title": "Security update for openssl-1_1",
        "Severity": "MEDIUM",
        "References": [
          "http://lists.suse.com/pipermail/sle-security-updates/2019-September/005935.html",
          "https://www.suse.com/support/security/rating/",
          "https://www.suse.com/support/update/announcement/2019/suse-su-20192403-1/"
        ]
      },
      {
        "VulnerabilityID": "SUSE-SU-2019:2730-1",
        "PkgName": "procps",
        "InstalledVersion": "3.3.15-lp151.6.3.1",
        "FixedVersion": "3.3.15-7.7.26",
        "Title": "Security update for procps",
        "Severity": "LOW",
        "References": [
          "http://lists.suse.com/pipermail/sle-security-updates/2019-October/006035.html",
          "https://www.suse.com/support/security/rating/",
          "https://www.suse.com/support/update/announcement/2019/suse-su-20192730-1/"
        ]
      },
      {
        "VulnerabilityID": "SUSE-SU-2019:2307-1",
        "PkgName": "shadow",
        "InstalledVersion": "4.6-lp151.2.3.2",
        "FixedVersion": "4.6-3.5.6",
        "Title": "Security update for util-linux and shadow",
        "Severity": "UNKNOWN",
        "References": [
          "http://lists.suse.com/pipermail/sle-security-updates/2019-September/005883.html",
          "https://www.suse.com/support/security/rating/",
          "https://www.suse.com/support/update/announcement/2019/suse-su-20192307-1/"
        ]
      },
      {
        "VulnerabilityID": "SUSE-SU-2019:1368-2",
        "PkgName": "system-user-root",
        "InstalledVersion": "20190513-lp151.3.3.1",
        "FixedVersion": "20190513-3.3.1",
        "Title": "Recommended update for sles12sp3-docker-image, sles12sp4-image, system-user-root",
        "Severity": "CRITICAL",
        "References": [
          "http://lists.suse.com/pipermail/sle-security-updates/2019-October/006005.html",
          "https://www.suse.com/support/security/rating/",
          "https://www.suse.com/support/update/announcement/2019/suse-su-20191368-2/"
        ]
      },
      {
        "VulnerabilityID": "SUSE-SU-2019:2997-1",
        "PkgName": "terminfo-base",
        "InstalledVersion": "6.1-lp151.5.41",
        "FixedVersion": "6.1-5.6.2",
        "Title": "Security update for ncurses",
        "Severity": "MEDIUM",
        "References": [
          "http://lists.suse.com/pipermail/sle-security-updates/2019-November/006155.html",
          "https://www.suse.com/support/security/rating/",
          "https://www.suse.com/support/update/announcement/2019/suse-su-20192997-1/"
        ]
      },
      {
        "VulnerabilityID": "SUSE-SU-2019:2307-1",
        "PkgName": "util-linux",
        "InstalledVersion": "2.33.1-lp151.3.3.2",
        "FixedVersion": "2.33.1-4.5.1",
        "Title": "Security update for util-linux and shadow",
        "Severity": "UNKNOWN",
        "References": [
          "http://lists.suse.com/pipermail/sle-security-updates/2019-September/005883.html",
          "https://www.suse.com/support/security/rating/",
          "https://www.suse.com/support/update/announcement/2019/suse-su-20192307-1/"
        ]
      }
    ]
  }
]
