[
  {
    "Target": "oraclelinux:8-slim (oracle 8.0)",
    "Vulnerabilities": null
  }
]
