{
  "SchemaVersion": 2,
  "CreatedAt": "2021-08-25T12:20:30.000000005Z",
  "ArtifactName": "testdata/fixtures/repo/pnpm",
  "ArtifactType": "repository",
  "Metadata": {
    "ImageConfig": {
      "architecture": "",
      "created": "0001-01-01T00:00:00Z",
      "os": "",
      "rootfs": {
        "type": "",
        "diff_ids": null
      },
      "config": {}
    }
  },
  "Results": [
    {
      "Target": "OS Packages",
      "Class": "license"
    },
    {
      "Target": "pnpm-lock.yaml",
      "Class": "license",
      "Licenses": [
        {
          "Severity": "LOW",
          "Category": "notice",
          "PkgName": "jquery",
          "FilePath": "pnpm-lock.yaml",
          "Name": "MIT",
          "Confidence": 1,
          "Link": ""
        },
        {
          "Severity": "LOW",
          "Category": "notice",
          "PkgName": "lodash",
          "FilePath": "pnpm-lock.yaml",
          "Name": "MIT",
          "Confidence": 1,
          "Link": ""
        }
      ]
    },
    {
      "Target": "Loose File License(s)",
      "Class": "license-file"
    }
  ]
}
