{
  "$schema": "http://cyclonedx.org/schema/bom-1.6.schema.json",
  "bomFormat": "CycloneDX",
  "specVersion": "1.6",
  "serialNumber": "urn:uuid:3ff14136-e09f-4df9-80ea-000000000008",
  "version": 1,
  "metadata": {
    "timestamp": "2021-08-25T12:20:30+00:00",
    "tools": {
      "components": [
        {
          "type": "application",
          "group": "aquasecurity",
          "name": "trivy",
          "version": "dev"
        }
      ]
    },
    "component": {
      "bom-ref": "d5461c73-cabf-4634-a4ef-489698717e3d",
      "type": "application",
      "name": ".",
      "purl": "pkg:/",
      "properties": [
        {
          "name": "aquasecurity:trivy:SchemaVersion",
          "value": "2"
        }
      ]
    }
  },
  "components": [
    {
      "bom-ref": "3ff14136-e09f-4df9-80ea-000000000005",
      "type": "application",
      "name": "poetry.lock",
      "properties": [
        {
          "name": "aquasecurity:trivy:Class",
          "value": "lang-pkgs"
        },
        {
          "name": "aquasecurity:trivy:Type",
          "value": "poetry"
        }
      ]
    },
    {
      "bom-ref": "de3ojve0eoj0j0je",
      "type": "library",
      "name": "pywin32",
      "version": "227",
      "licenses": [
        {
          "license": {
            "name": "MIT"
          }
        }
      ],
      "purl": "pkg:pypi/pywin32@227",
      "properties": [
        {
          "name": "aquasecurity:trivy:PkgID",
          "value": "pywin32@227"
        },
        {
          "name": "aquasecurity:trivy:PkgType",
          "value": "poetry"
        }
      ]
    },
    {
      "bom-ref": "pkg:pypi/pywin32@227",
      "type": "library",
      "name": "pywin32",
      "version": "227",
      "licenses": [
        {
          "license": {
            "name": "MIT"
          }
        }
      ],
      "purl": "pkg:pypi/pywin32@227",
      "properties": [
        {
          "name": "aquasecurity:trivy:PkgID",
          "value": "pywin32@227"
        },
        {
          "name": "aquasecurity:trivy:PkgType",
          "value": "poetry"
        }
      ]
    }
  ],
  "dependencies": [
    {
      "ref": "3ff14136-e09f-4df9-80ea-000000000005",
      "dependsOn": [
        "de3ojve0eoj0j0je",
        "pkg:pypi/pywin32@227"
      ]
    },
    {
      "ref": "d5461c73-cabf-4634-a4ef-489698717e3d",
      "dependsOn": [
        "3ff14136-e09f-4df9-80ea-000000000005"
      ]
    },
    {
      "ref": "de3ojve0eoj0j0je",
      "dependsOn": []
    },
    {
      "ref": "pkg:pypi/pywin32@227",
      "dependsOn": []
    }
  ],
  "vulnerabilities": []
}
