{
  "SchemaVersion": 2,
  "ArtifactName": "testdata/fixtures/images/rockylinux-8.tar.gz",
  "ArtifactType": "container_image",
  "Metadata": {
    "OS": {
      "Family": "rocky",
      "Name": "8.5"
    },
    "ImageID": "sha256:210996f98b856d7cd00496ddbe9412e73f1c714c95de09661e07b4e43648f9ab",
    "DiffIDs": [
      "sha256:65dbea0a4b39709e0a2cc8624fd99478e9f302c0a5661d7676d6d3bd3cb6d181"
    ],
    "ImageConfig": {
      "architecture": "amd64",
      "container": "16458df10693f731fae0492f791a5e4b725245c35cf28c7fca00982219d7bdf3",
      "created": "2021-12-15T20:22:37.180885096Z",
      "docker_version": "20.10.7",
      "history": [
        {
          "created": "2021-12-15T20:22:36Z",
          "created_by": "/bin/sh -c #(nop) ADD file:790b4c6a174560d4701baf59e884e7d07f50f0e193e545d6d5ed1d7390979d1a in / "
        },
        {
          "created": "2021-12-15T20:22:37Z",
          "created_by": "/bin/sh -c #(nop)  CMD [\"/bin/bash\"]",
          "empty_layer": true
        }
      ],
      "os": "linux",
      "rootfs": {
        "type": "layers",
        "diff_ids": [
          "sha256:65dbea0a4b39709e0a2cc8624fd99478e9f302c0a5661d7676d6d3bd3cb6d181"
        ]
      },
      "config": {
        "Cmd": [
          "/bin/bash"
        ],
        "Env": [
          "PATH=/usr/local/sbin:/usr/local/bin:/usr/sbin:/usr/bin:/sbin:/bin"
        ],
        "Image": "sha256:b3d7893772a2427ad53224d9db4c70be399de0a28c09804ac0c5cb203ab0244e"
      }
    }
  },
  "Results": [
    {
      "Target": "testdata/fixtures/images/rockylinux-8.tar.gz (rocky 8.5)",
      "Class": "os-pkgs",
      "Type": "rocky",
      "Vulnerabilities": [
        {
          "VulnerabilityID": "CVE-2021-3712",
          "PkgName": "openssl-libs",
          "InstalledVersion": "1:1.1.1k-4.el8",
          "FixedVersion": "1:1.1.1k-5.el8_5",
          "Layer": {
            "DiffID": "sha256:65dbea0a4b39709e0a2cc8624fd99478e9f302c0a5661d7676d6d3bd3cb6d181"
          },
          "SeveritySource": "rocky",
          "PrimaryURL": "https://avd.aquasec.com/nvd/cve-2021-3712",
          "Title": "Moderate: openssl security update",
          "Description": "For more information visit https://errata.rockylinux.org/RLSA-2021:5226",
          "Severity": "MEDIUM",
          "References": [
            "https://access.redhat.com/hydra/rest/securitydata/cve/CVE-2021-3712.json"
          ]
        }
      ]
    }
  ]
}