{
    "SchemaVersion": 2,
    "ArtifactName": "testdata/fixtures/fs/secrets",
    "ArtifactType": "filesystem",
    "Metadata": {
      "ImageConfig": {
        "architecture": "",
        "created": "0001-01-01T00:00:00Z",
        "os": "",
        "rootfs": {
          "type": "",
          "diff_ids": null
        },
        "config": {}
      }
    },
    "Results": [
      {
        "Target": "deploy.sh",
        "Class": "secret",
        "Secrets": [
          {
            "RuleID": "aws-access-key-id",
            "Category": "AWS",
            "Severity": "CRITICAL",
            "Title": "AWS Access Key ID",
            "StartLine": 3,
            "EndLine": 3,
            "Code": {
              "Lines": [
                {
                  "Number": 1,
                  "Content": "#!/bin/sh",
                  "IsCause": false,
                  "Annotation": "",
                  "Truncated": false,
                  "Highlighted": "#!/bin/sh",
                  "FirstCause": false,
                  "LastCause": false
                },
                {
                  "Number": 2,
                  "Content": "",
                  "IsCause": false,
                  "Annotation": "",
                  "Truncated": false,
                  "FirstCause": false,
                  "LastCause": false
                },
                {
                  "Number": 3,
                  "Content": "export AWS_ACCESS_KEY_ID=********************",
                  "IsCause": true,
                  "Annotation": "",
                  "Truncated": false,
                  "Highlighted": "export AWS_ACCESS_KEY_ID=********************",
                  "FirstCause": true,
                  "LastCause": true
                },
                {
                  "Number": 4,
                  "Content": "",
                  "IsCause": false,
                  "Annotation": "",
                  "Truncated": false,
                  "FirstCause": false,
                  "LastCause": false
                }
              ]
            },
            "Match": "export AWS_ACCESS_KEY_ID=********************",
            "Deleted": false,
            "Layer": {}
          },
          {
            "RuleID": "github-pat",
            "Category": "GitHub",
            "Severity": "CRITICAL",
            "Title": "GitHub Personal Access Token",
            "StartLine": 5,
            "EndLine": 5,
            "Code": {
              "Lines": [
                {
                  "Number": 3,
                  "Content": "export AWS_ACCESS_KEY_ID=********************",
                  "IsCause": false,
                  "Annotation": "",
                  "Truncated": false,
                  "Highlighted": "export AWS_ACCESS_KEY_ID=********************",
                  "FirstCause": false,
                  "LastCause": false
                },
                {
                  "Number": 4,
                  "Content": "",
                  "IsCause": false,
                  "Annotation": "",
                  "Truncated": false,
                  "FirstCause": false,
                  "LastCause": false
                },
                {
                  "Number": 5,
                  "Content": "export GITHUB_PAT=****************************************",
                  "IsCause": true,
                  "Annotation": "",
                  "Truncated": false,
                  "Highlighted": "export GITHUB_PAT=****************************************",
                  "FirstCause": true,
                  "LastCause": true
                },
                {
                  "Number": 6,
                  "Content": "",
                  "IsCause": false,
                  "Annotation": "",
                  "Truncated": false,
                  "FirstCause": false,
                  "LastCause": false
                }
              ]
            },
            "Match": "export GITHUB_PAT=****************************************",
            "Deleted": false,
            "Layer": {}
          }
        ]
      },
      {
        "Target": "sample.pem",
        "Class": "secret",
        "Secrets": [
          {
            "RuleID": "private-key",
            "Category": "AsymmetricPrivateKey",
            "Severity": "HIGH",
            "Title": "Asymmetric Private Key",
            "StartLine": 1,
            "EndLine": 1,
            "Code": {
              "Lines": [
                {
                  "Number": 1,
                  "Content": "-----BEGIN RSA PRIVATE KEY-----******************************************************************************************************************************************************************************************************************************************************************************************************************************************************************************************************************************************************************************************************************************************************************************************************************************************************************************************************************************************************************************************************************************************************************************************************************************************************************************************************************************************************************************************************************************************************************************************************************************************************************************************************************************************************************************************************************************************************************************************************************************************************************************************************************************************************************************-----END RSA PRIVATE KEY-----",
                  "IsCause": true,
                  "Annotation": "",
                  "Truncated": false,
                  "Highlighted": "-----BEGIN RSA PRIVATE KEY-----******************************************************************************************************************************************************************************************************************************************************************************************************************************************************************************************************************************************************************************************************************************************************************************************************************************************************************************************************************************************************************************************************************************************************************************************************************************************************************************************************************************************************************************************************************************************************************************************************************************************************************************************************************************************************************************************************************************************************************************************************************************************************************************************************************************************************************************-----END RSA PRIVATE KEY-----",
                  "FirstCause": true,
                  "LastCause": true
                },
                {
                  "Number": 2,
                  "Content": "",
                  "IsCause": false,
                  "Annotation": "",
                  "Truncated": false,
                  "FirstCause": false,
                  "LastCause": false
                }
              ]
            },
            "Match": "----BEGIN RSA PRIVATE KEY-----******************************************************************************************************************************************************************************************************************************************************************************************************************************************************************************************************************************************************************************************************************************************************************************************************************************************************************************************************************************************************************************************************************************************************************************************************************************************************************************************************************************************************************************************************************************************************************************************************************************************************************************************************************************************************************************************************************************************************************************************************************************************************************************************************************************************************************************-----END RSA PRIVATE",
            "Deleted": false,
            "Layer": {}
          }
        ]
      }
    ]
  }
  