{
  "SchemaVersion": 2,
  "ArtifactName": "tmp-test-vm-integration-dir/target.img",
  "ArtifactType": "vm",
  "Metadata": {
    "OS": {
      "Family": "suse linux enterprise server",
      "Name": "15.4"
    },
    "ImageConfig": {
      "architecture": "",
      "created": "0001-01-01T00:00:00Z",
      "os": "",
      "rootfs": {
        "type": "",
        "diff_ids": null
      },
      "config": {}
    }
  },
  "Results": [
    {
      "Target": "tmp-test-vm-integration-dir/target.img (suse linux enterprise server 15.4)",
      "Class": "os-pkgs",
      "Type": "suse linux enterprise server",
      "Vulnerabilities": [
        {
          "VulnerabilityID": "SUSE-SU-2022:2713-1",
          "PkgID": "bind-utils@9.16.20-150400.3.6.x86_64",
          "PkgName": "bind-utils",
          "InstalledVersion": "9.16.20-150400.3.6",
          "FixedVersion": "9.16.31-150400.5.6.1",
          "Layer": {},
          "Title": "Security update for bind",
          "Description": "This update for bind fixes the following issues:\n\n- CVE-2021-25219",
          "Severity": "HIGH",
          "References": [
            "https://bugzilla.suse.com/1192146",
            "https://bugzilla.suse.com/1197135",
            "https://bugzilla.suse.com/1197136",
            "https://bugzilla.suse.com/1199044",
            "https://bugzilla.suse.com/1200685",
            "https://lists.suse.com/pipermail/sle-security-updates/2022-August/011832.html",
            "https://www.suse.com/security/cve/CVE-2021-25219/",
            "https://www.suse.com/security/cve/CVE-2021-25220/",
            "https://www.suse.com/security/cve/CVE-2022-0396/",
            "https://www.suse.com/support/security/rating/",
            "https://www.suse.com/support/update/announcement/2022/suse-su-20222713-1/"
          ]
        },
        {
          "VulnerabilityID": "SUSE-SU-2022:2713-1",
          "PkgID": "python3-bind@9.16.20-150400.3.6.noarch",
          "PkgName": "python3-bind",
          "InstalledVersion": "9.16.20-150400.3.6",
          "FixedVersion": "9.16.31-150400.5.6.1",
          "Layer": {},
          "Title": "Security update for bind",
          "Description": "This update for bind fixes the following issues:\n\n- CVE-2021-25219",
          "Severity": "HIGH",
          "References": [
            "https://bugzilla.suse.com/1192146",
            "https://bugzilla.suse.com/1197135",
            "https://bugzilla.suse.com/1197136",
            "https://bugzilla.suse.com/1199044",
            "https://bugzilla.suse.com/1200685",
            "https://lists.suse.com/pipermail/sle-security-updates/2022-August/011832.html",
            "https://www.suse.com/security/cve/CVE-2021-25219/",
            "https://www.suse.com/security/cve/CVE-2021-25220/",
            "https://www.suse.com/security/cve/CVE-2022-0396/",
            "https://www.suse.com/support/security/rating/",
            "https://www.suse.com/support/update/announcement/2022/suse-su-20222713-1/"
          ]
        }
      ]
    }
  ]
}
