{
  "SchemaVersion": 2,
  "ArtifactName": "testdata/fixtures/images/ubuntu-1604-esm.tar.gz",
  "ArtifactType": "container_image",
  "Metadata": {
    "OS": {
      "Family": "ubuntu",
      "Name": "16.04-ESM"
    },
    "ImageID": "sha256:b4c630d0e757b4c61b5724b1979185595607c54083cb86c7ff41dbb5e2ede7d1",
    "DiffIDs": [
      "sha256:be96a3f634de79f523f07c7e4e0216c28af45eb5776e7a6238a2392f71e01069",
      "sha256:df54c846128da3c71cc11b2150a3df39ec86fb170e299765daf6bb016a0705c2",
      "sha256:47ef83afae74745639f6738a05fe5320fcfca9e6c7765fba4f25e270bc0df9dc",
      "sha256:1251204ef8fc20da275e09f6e3ab9205421d4ff34732f2d50a1d3e86d2995edd",
      "sha256:c43b44122276349f8fe3379f45407a2be0475d7ae48dbe7e222096b3566cc4ac"
    ],
    "ImageConfig": {
      "architecture": "amd64",
      "created": "2022-03-29T10:08:10.986404697Z",
      "docker_version": "20.10.12",
      "history": [
        {
          "created": "2021-08-31T01:21:27.577690932Z",
          "created_by": "/bin/sh -c #(nop) ADD file:11b425d4c08e81a3e0cb2e0345d27cd5fc844dd83f1096af4cc05f635824ff5d in / "
        },
        {
          "created": "2021-08-31T01:21:28.751673238Z",
          "created_by": "/bin/sh -c set -xe \t\t\u0026\u0026 echo '#!/bin/sh' \u003e /usr/sbin/policy-rc.d \t\u0026\u0026 echo 'exit 101' \u003e\u003e /usr/sbin/policy-rc.d \t\u0026\u0026 chmod +x /usr/sbin/policy-rc.d \t\t\u0026\u0026 dpkg-divert --local --rename --add /sbin/initctl \t\u0026\u0026 cp -a /usr/sbin/policy-rc.d /sbin/initctl \t\u0026\u0026 sed -i 's/^exit.*/exit 0/' /sbin/initctl \t\t\u0026\u0026 echo 'force-unsafe-io' \u003e /etc/dpkg/dpkg.cfg.d/docker-apt-speedup \t\t\u0026\u0026 echo 'DPkg::Post-Invoke { \"rm -f /var/cache/apt/archives/*.deb /var/cache/apt/archives/partial/*.deb /var/cache/apt/*.bin || true\"; };' \u003e /etc/apt/apt.conf.d/docker-clean \t\u0026\u0026 echo 'APT::Update::Post-Invoke { \"rm -f /var/cache/apt/archives/*.deb /var/cache/apt/archives/partial/*.deb /var/cache/apt/*.bin || true\"; };' \u003e\u003e /etc/apt/apt.conf.d/docker-clean \t\u0026\u0026 echo 'Dir::Cache::pkgcache \"\"; Dir::Cache::srcpkgcache \"\";' \u003e\u003e /etc/apt/apt.conf.d/docker-clean \t\t\u0026\u0026 echo 'Acquire::Languages \"none\";' \u003e /etc/apt/apt.conf.d/docker-no-languages \t\t\u0026\u0026 echo 'Acquire::GzipIndexes \"true\"; Acquire::CompressionTypes::Order:: \"gz\";' \u003e /etc/apt/apt.conf.d/docker-gzip-indexes \t\t\u0026\u0026 echo 'Apt::AutoRemove::SuggestsImportant \"false\";' \u003e /etc/apt/apt.conf.d/docker-autoremove-suggests"
        },
        {
          "created": "2021-08-31T01:21:29.65334794Z",
          "created_by": "/bin/sh -c rm -rf /var/lib/apt/lists/*"
        },
        {
          "created": "2021-08-31T01:21:30.454442334Z",
          "created_by": "/bin/sh -c mkdir -p /run/systemd \u0026\u0026 echo 'docker' \u003e /run/systemd/container"
        },
        {
          "created": "2021-08-31T01:21:30.672229355Z",
          "created_by": "/bin/sh -c #(nop)  CMD [\"/bin/bash\"]",
          "empty_layer": true
        },
        {
          "created": "2022-03-24T05:30:07.495502374Z",
          "created_by": "/bin/sh -c #(nop) COPY file:acbade846b2ad77c355ebc5a1ff04262eeb0d71d3f33298b8337c8dc2b7818fa in /var/lib/ubuntu-advantage/status.json "
        }
      ],
      "os": "linux",
      "rootfs": {
        "type": "layers",
        "diff_ids": [
          "sha256:be96a3f634de79f523f07c7e4e0216c28af45eb5776e7a6238a2392f71e01069",
          "sha256:df54c846128da3c71cc11b2150a3df39ec86fb170e299765daf6bb016a0705c2",
          "sha256:47ef83afae74745639f6738a05fe5320fcfca9e6c7765fba4f25e270bc0df9dc",
          "sha256:1251204ef8fc20da275e09f6e3ab9205421d4ff34732f2d50a1d3e86d2995edd",
          "sha256:c43b44122276349f8fe3379f45407a2be0475d7ae48dbe7e222096b3566cc4ac"
        ]
      },
      "config": {
        "Cmd": [
          "/bin/bash"
        ],
        "Env": [
          "PATH=/usr/local/sbin:/usr/local/bin:/usr/sbin:/usr/bin:/sbin:/bin"
        ],
        "Image": "sha256:b6f50765242581c887ff1acc2511fa2d885c52d8fb3ac8c4bba131fd86567f2e"
      }
    }
  },
  "Results": [
    {
      "Target": "testdata/fixtures/images/ubuntu-1604-esm.tar.gz (ubuntu 16.04-ESM)",
      "Class": "os-pkgs",
      "Type": "ubuntu",
      "Vulnerabilities": [
        {
          "VulnerabilityID": "CVE-2021-40528",
          "PkgName": "libgcrypt20",
          "InstalledVersion": "1.6.5-2ubuntu0.6",
          "FixedVersion": "1.6.5-2ubuntu0.6+esm1",
          "Layer": {
            "DiffID": "sha256:be96a3f634de79f523f07c7e4e0216c28af45eb5776e7a6238a2392f71e01069"
          },
          "SeveritySource": "nvd",
          "PrimaryURL": "https://avd.aquasec.com/nvd/cve-2021-40528",
          "Title": "libgcrypt: ElGamal implementation allows plaintext recovery",
          "Description": "The ElGamal implementation in Libgcrypt before 1.9.4 allows plaintext recovery because, during interaction between two cryptographic libraries, a certain dangerous combination of the prime defined by the receiver's public key, the generator defined by the receiver's public key, and the sender's ephemeral exponents can lead to a cross-configuration attack against OpenPGP.",
          "Severity": "MEDIUM",
          "CweIDs": [
            "CWE-327"
          ],
          "CVSS": {
            "nvd": {
              "V2Vector": "AV:N/AC:H/Au:N/C:P/I:N/A:N",
              "V3Vector": "CVSS:3.1/AV:N/AC:H/PR:N/UI:N/S:U/C:H/I:N/A:N",
              "V2Score": 2.6,
              "V3Score": 5.9
            },
            "redhat": {
              "V3Vector": "CVSS:3.1/AV:N/AC:H/PR:N/UI:N/S:U/C:H/I:N/A:N",
              "V3Score": 5.9
            }
          },
          "References": [
            "https://access.redhat.com/security/cve/CVE-2021-40528",
            "https://cve.mitre.org/cgi-bin/cvename.cgi?name=CVE-2021-40528",
            "https://dev.gnupg.org/rCb118681ebc4c9ea4b9da79b0f9541405a64f4c13",
            "https://eprint.iacr.org/2021/923",
            "https://git.gnupg.org/cgi-bin/gitweb.cgi?p=libgcrypt.git;a=commit;h=3462280f2e23e16adf3ed5176e0f2413d8861320",
            "https://ibm.github.io/system-security-research-updates/2021/07/20/insecurity-elgamal-pt1",
            "https://ibm.github.io/system-security-research-updates/2021/09/06/insecurity-elgamal-pt2",
            "https://nvd.nist.gov/vuln/detail/CVE-2021-40528",
            "https://ubuntu.com/security/notices/USN-5080-1",
            "https://ubuntu.com/security/notices/USN-5080-2"
          ],
          "PublishedDate": "2021-09-06T19:15:00Z",
          "LastModifiedDate": "2021-11-29T21:37:00Z"
        }
      ]
    }
  ]
}
